Build & Test	Set up job	﻿2026-07-16T04:31:41.1447801Z Current runner version: '2.335.1'
Build & Test	Set up job	2026-07-16T04:31:41.1485458Z ##[group]Runner Image Provisioner
Build & Test	Set up job	2026-07-16T04:31:41.1486799Z Hosted Compute Agent
Build & Test	Set up job	2026-07-16T04:31:41.1487755Z Version: 20260624.560
Build & Test	Set up job	2026-07-16T04:31:41.1488874Z Commit: 925d229a51159bc391ae97e54a2dd1fe20af789d
Build & Test	Set up job	2026-07-16T04:31:41.1490097Z Build Date: 2026-06-24T18:26:47Z
Build & Test	Set up job	2026-07-16T04:31:41.1491749Z Worker ID: {70164ddb-2e7b-48dc-8d40-ac5db1d9a797}
Build & Test	Set up job	2026-07-16T04:31:41.1492947Z Azure Region: eastus
Build & Test	Set up job	2026-07-16T04:31:41.1493882Z ##[endgroup]
Build & Test	Set up job	2026-07-16T04:31:41.1496194Z ##[group]Operating System
Build & Test	Set up job	2026-07-16T04:31:41.1497240Z Ubuntu
Build & Test	Set up job	2026-07-16T04:31:41.1498168Z 24.04.4
Build & Test	Set up job	2026-07-16T04:31:41.1499020Z LTS
Build & Test	Set up job	2026-07-16T04:31:41.1499793Z ##[endgroup]
Build & Test	Set up job	2026-07-16T04:31:41.1501069Z ##[group]Runner Image
Build & Test	Set up job	2026-07-16T04:31:41.1502208Z Image: ubuntu-24.04
Build & Test	Set up job	2026-07-16T04:31:41.1503147Z Version: 20260705.232.1
Build & Test	Set up job	2026-07-16T04:31:41.1505088Z Included Software: https://github.com/actions/runner-images/blob/ubuntu24/20260705.232/images/ubuntu/Ubuntu2404-Readme.md
Build & Test	Set up job	2026-07-16T04:31:41.1508051Z Image Release: https://github.com/actions/runner-images/releases/tag/ubuntu24%2F20260705.232
Build & Test	Set up job	2026-07-16T04:31:41.1509809Z ##[endgroup]
Build & Test	Set up job	2026-07-16T04:31:41.1512732Z ##[group]GITHUB_TOKEN Permissions
Build & Test	Set up job	2026-07-16T04:31:41.1515529Z Contents: read
Build & Test	Set up job	2026-07-16T04:31:41.1516478Z Metadata: read
Build & Test	Set up job	2026-07-16T04:31:41.1517573Z Packages: read
Build & Test	Set up job	2026-07-16T04:31:41.1518435Z ##[endgroup]
Build & Test	Set up job	2026-07-16T04:31:41.1521935Z Secret source: Actions
Build & Test	Set up job	2026-07-16T04:31:41.1523322Z Prepare workflow directory
Build & Test	Set up job	2026-07-16T04:31:41.2352152Z Prepare all required actions
Build & Test	Set up job	2026-07-16T04:31:41.2473059Z Getting action download info
Build & Test	Set up job	2026-07-16T04:31:41.5009077Z Download action repository 'actions/checkout@v4' (SHA:34e114876b0b11c390a56381ad16ebd13914f8d5)
Build & Test	Set up job	2026-07-16T04:31:41.5887266Z Download action repository 'actions/setup-java@v4' (SHA:c1e323688fd81a25caa38c78aa6df2d33d3e20d9)
Build & Test	Set up job	2026-07-16T04:31:41.8152684Z Download action repository 'gradle/actions@v4' (SHA:ed408507eac070d1f99cc633dbcf757c94c7933a)
Build & Test	Set up job	2026-07-16T04:31:43.7533101Z Download action repository 'actions/upload-artifact@v4' (SHA:ea165f8d65b6e75b540449e92b4886f43607fa02)
Build & Test	Set up job	2026-07-16T04:31:44.3205997Z Complete job name: Build & Test
Build & Test	Checkout	﻿2026-07-16T04:31:44.3920856Z Node 20 is being deprecated. This workflow is running with Node 24 by default. If you need to temporarily use Node 20, you can set the ACTIONS_ALLOW_USE_UNSECURE_NODE_VERSION=true environment variable. For more information see: https://github.blog/changelog/2025-09-19-deprecation-of-node-20-on-github-actions-runners/
Build & Test	Checkout	2026-07-16T04:31:44.3929148Z ##[group]Run actions/checkout@v4
Build & Test	Checkout	2026-07-16T04:31:44.3929775Z with:
Build & Test	Checkout	2026-07-16T04:31:44.3930044Z   repository: Qiskdbwob/Sortit
Build & Test	Checkout	2026-07-16T04:31:44.3933224Z   token: ***
Build & Test	Checkout	2026-07-16T04:31:44.3933504Z   ssh-strict: true
Build & Test	Checkout	2026-07-16T04:31:44.3933757Z   ssh-user: git
Build & Test	Checkout	2026-07-16T04:31:44.3934016Z   persist-credentials: true
Build & Test	Checkout	2026-07-16T04:31:44.3934306Z   clean: true
Build & Test	Checkout	2026-07-16T04:31:44.3934575Z   sparse-checkout-cone-mode: true
Build & Test	Checkout	2026-07-16T04:31:44.3934886Z   fetch-depth: 1
Build & Test	Checkout	2026-07-16T04:31:44.3935148Z   fetch-tags: false
Build & Test	Checkout	2026-07-16T04:31:44.3935412Z   show-progress: true
Build & Test	Checkout	2026-07-16T04:31:44.3935680Z   lfs: false
Build & Test	Checkout	2026-07-16T04:31:44.3935918Z   submodules: false
Build & Test	Checkout	2026-07-16T04:31:44.3936211Z   set-safe-directory: true
Build & Test	Checkout	2026-07-16T04:31:44.3936801Z ##[endgroup]
Build & Test	Checkout	2026-07-16T04:31:44.5598592Z Syncing repository: Qiskdbwob/Sortit
Build & Test	Checkout	2026-07-16T04:31:44.5624485Z ##[group]Getting Git version info
Build & Test	Checkout	2026-07-16T04:31:44.5625293Z Working directory is '/home/runner/work/Sortit/Sortit'
Build & Test	Checkout	2026-07-16T04:31:44.5626323Z [command]/usr/bin/git version
Build & Test	Checkout	2026-07-16T04:31:44.5800346Z git version 2.54.0
Build & Test	Checkout	2026-07-16T04:31:44.5901840Z ##[endgroup]
Build & Test	Checkout	2026-07-16T04:31:44.5942295Z Temporarily overriding HOME='/home/runner/work/_temp/8d1cc42b-004c-4c04-a7ce-334c329470e9' before making global git config changes
Build & Test	Checkout	2026-07-16T04:31:44.5961765Z Adding repository directory to the temporary git global config as a safe directory
Build & Test	Checkout	2026-07-16T04:31:44.5981776Z [command]/usr/bin/git config --global --add safe.directory /home/runner/work/Sortit/Sortit
Build & Test	Checkout	2026-07-16T04:31:44.6091747Z Deleting the contents of '/home/runner/work/Sortit/Sortit'
Build & Test	Checkout	2026-07-16T04:31:44.6112256Z ##[group]Initializing the repository
Build & Test	Checkout	2026-07-16T04:31:44.6138302Z [command]/usr/bin/git init /home/runner/work/Sortit/Sortit
Build & Test	Checkout	2026-07-16T04:31:44.6373585Z hint: Using 'master' as the name for the initial branch. This default branch name
Build & Test	Checkout	2026-07-16T04:31:44.6377898Z hint: will change to "main" in Git 3.0. To configure the initial branch name
Build & Test	Checkout	2026-07-16T04:31:44.6379652Z hint: to use in all of your new repositories, which will suppress this warning,
Build & Test	Checkout	2026-07-16T04:31:44.6400167Z hint: call:
Build & Test	Checkout	2026-07-16T04:31:44.6409666Z hint:
Build & Test	Checkout	2026-07-16T04:31:44.6410854Z hint: 	git config --global init.defaultBranch <name>
Build & Test	Checkout	2026-07-16T04:31:44.6411715Z hint:
Build & Test	Checkout	2026-07-16T04:31:44.6412588Z hint: Names commonly chosen instead of 'master' are 'main', 'trunk' and
Build & Test	Checkout	2026-07-16T04:31:44.6413830Z hint: 'development'. The just-created branch can be renamed via this command:
Build & Test	Checkout	2026-07-16T04:31:44.6414821Z hint:
Build & Test	Checkout	2026-07-16T04:31:44.6415562Z hint: 	git branch -m <name>
Build & Test	Checkout	2026-07-16T04:31:44.6416325Z hint:
Build & Test	Checkout	2026-07-16T04:31:44.6417309Z hint: Disable this message with "git config set advice.defaultBranchName false"
Build & Test	Checkout	2026-07-16T04:31:44.6418680Z Initialized empty Git repository in /home/runner/work/Sortit/Sortit/.git/
Build & Test	Checkout	2026-07-16T04:31:44.6421968Z [command]/usr/bin/git remote add origin https://github.com/Qiskdbwob/Sortit
Build & Test	Checkout	2026-07-16T04:31:44.6541861Z ##[endgroup]
Build & Test	Checkout	2026-07-16T04:31:44.6552021Z ##[group]Disabling automatic garbage collection
Build & Test	Checkout	2026-07-16T04:31:44.6572856Z [command]/usr/bin/git config --local gc.auto 0
Build & Test	Checkout	2026-07-16T04:31:44.6651738Z ##[endgroup]
Build & Test	Checkout	2026-07-16T04:31:44.6671646Z ##[group]Setting up auth
Build & Test	Checkout	2026-07-16T04:31:44.6691536Z [command]/usr/bin/git config --local --name-only --get-regexp core\.sshCommand
Build & Test	Checkout	2026-07-16T04:31:44.6715147Z [command]/usr/bin/git submodule foreach --recursive sh -c "git config --local --name-only --get-regexp 'core\.sshCommand' && git config --local --unset-all 'core.sshCommand' || :"
Build & Test	Checkout	2026-07-16T04:31:44.7265356Z [command]/usr/bin/git config --local --name-only --get-regexp http\.https\:\/\/github\.com\/\.extraheader
Build & Test	Checkout	2026-07-16T04:31:44.7443458Z [command]/usr/bin/git submodule foreach --recursive sh -c "git config --local --name-only --get-regexp 'http\.https\:\/\/github\.com\/\.extraheader' && git config --local --unset-all 'http.https://github.com/.extraheader' || :"
Build & Test	Checkout	2026-07-16T04:31:44.7614052Z [command]/usr/bin/git config --local --name-only --get-regexp ^includeIf\.gitdir:
Build & Test	Checkout	2026-07-16T04:31:44.7653698Z [command]/usr/bin/git submodule foreach --recursive git config --local --show-origin --name-only --get-regexp remote.origin.url
Build & Test	Checkout	2026-07-16T04:31:44.7901884Z [command]/usr/bin/git config --local http.https://github.com/.extraheader AUTHORIZATION: basic ***
Build & Test	Checkout	2026-07-16T04:31:44.7944383Z ##[endgroup]
Build & Test	Checkout	2026-07-16T04:31:44.7945888Z ##[group]Fetching the repository
Build & Test	Checkout	2026-07-16T04:31:44.7956381Z [command]/usr/bin/git -c protocol.version=2 fetch --no-tags --prune --no-recurse-submodules --depth=1 origin +0a62d016b7e5475a45de831b24ae4a967e427663:refs/remotes/origin/master
Build & Test	Checkout	2026-07-16T04:31:45.0113927Z From https://github.com/Qiskdbwob/Sortit
Build & Test	Checkout	2026-07-16T04:31:45.0115457Z  * [new ref]         0a62d016b7e5475a45de831b24ae4a967e427663 -> origin/master
Build & Test	Checkout	2026-07-16T04:31:45.0119857Z ##[endgroup]
Build & Test	Checkout	2026-07-16T04:31:45.0121613Z ##[group]Determining the checkout info
Build & Test	Checkout	2026-07-16T04:31:45.0123347Z ##[endgroup]
Build & Test	Checkout	2026-07-16T04:31:45.0128299Z [command]/usr/bin/git sparse-checkout disable
Build & Test	Checkout	2026-07-16T04:31:45.0187118Z [command]/usr/bin/git config --local --unset-all extensions.worktreeConfig
Build & Test	Checkout	2026-07-16T04:31:45.0223745Z ##[group]Checking out the ref
Build & Test	Checkout	2026-07-16T04:31:45.0228831Z [command]/usr/bin/git checkout --progress --force -B master refs/remotes/origin/master
Build & Test	Checkout	2026-07-16T04:31:45.0332639Z Reset branch 'master'
Build & Test	Checkout	2026-07-16T04:31:45.0338475Z branch 'master' set up to track 'origin/master'.
Build & Test	Checkout	2026-07-16T04:31:45.0346583Z ##[endgroup]
Build & Test	Checkout	2026-07-16T04:31:45.0400084Z [command]/usr/bin/git log -1 --format=%H
Build & Test	Checkout	2026-07-16T04:31:45.0444942Z 0a62d016b7e5475a45de831b24ae4a967e427663
Build & Test	Set up JDK 17	﻿2026-07-16T04:31:45.0751304Z Node 20 is being deprecated. This workflow is running with Node 24 by default. If you need to temporarily use Node 20, you can set the ACTIONS_ALLOW_USE_UNSECURE_NODE_VERSION=true environment variable. For more information see: https://github.blog/changelog/2025-09-19-deprecation-of-node-20-on-github-actions-runners/
Build & Test	Set up JDK 17	2026-07-16T04:31:45.0753174Z ##[group]Run actions/setup-java@v4
Build & Test	Set up JDK 17	2026-07-16T04:31:45.0753431Z with:
Build & Test	Set up JDK 17	2026-07-16T04:31:45.0753621Z   distribution: temurin
Build & Test	Set up JDK 17	2026-07-16T04:31:45.0753839Z   java-version: 17
Build & Test	Set up JDK 17	2026-07-16T04:31:45.0754043Z   java-package: jdk
Build & Test	Set up JDK 17	2026-07-16T04:31:45.0754249Z   check-latest: false
Build & Test	Set up JDK 17	2026-07-16T04:31:45.0754461Z   server-id: github
Build & Test	Set up JDK 17	2026-07-16T04:31:45.0754671Z   server-username: GITHUB_ACTOR
Build & Test	Set up JDK 17	2026-07-16T04:31:45.0754923Z   server-password: GITHUB_TOKEN
Build & Test	Set up JDK 17	2026-07-16T04:31:45.0755181Z   overwrite-settings: true
Build & Test	Set up JDK 17	2026-07-16T04:31:45.0755411Z   job-status: success
Build & Test	Set up JDK 17	2026-07-16T04:31:45.0757861Z   token: ***
Build & Test	Set up JDK 17	2026-07-16T04:31:45.0758064Z ##[endgroup]
Build & Test	Set up JDK 17	2026-07-16T04:31:45.2652684Z ##[group]Installed distributions
Build & Test	Set up JDK 17	2026-07-16T04:31:45.2781694Z Resolved Java 17.0.19+10 from tool-cache
Build & Test	Set up JDK 17	2026-07-16T04:31:45.2782642Z Setting Java 17.0.19+10 as the default
Build & Test	Set up JDK 17	2026-07-16T04:31:45.2789918Z (node:2059) [DEP0040] DeprecationWarning: The `punycode` module is deprecated. Please use a userland alternative instead.
Build & Test	Set up JDK 17	2026-07-16T04:31:45.2791825Z (Use `node --trace-deprecation ...` to show where the warning was created)
Build & Test	Set up JDK 17	2026-07-16T04:31:45.2794722Z Creating toolchains.xml for JDK version 17 from temurin
Build & Test	Set up JDK 17	2026-07-16T04:31:45.2879257Z Writing to /home/runner/.m2/toolchains.xml
Build & Test	Set up JDK 17	2026-07-16T04:31:45.2901198Z 
Build & Test	Set up JDK 17	2026-07-16T04:31:45.2919370Z Java configuration:
Build & Test	Set up JDK 17	2026-07-16T04:31:45.2920021Z   Distribution: temurin
Build & Test	Set up JDK 17	2026-07-16T04:31:45.2920427Z   Version: 17.0.19+10
Build & Test	Set up JDK 17	2026-07-16T04:31:45.2921186Z   Path: /opt/hostedtoolcache/Java_Temurin-Hotspot_jdk/17.0.19-10/x64
Build & Test	Set up JDK 17	2026-07-16T04:31:45.2921675Z 
Build & Test	Set up JDK 17	2026-07-16T04:31:45.2922222Z ##[endgroup]
Build & Test	Set up JDK 17	2026-07-16T04:31:45.2940220Z Creating settings.xml with server-id: github
Build & Test	Set up JDK 17	2026-07-16T04:31:45.2941453Z Writing to /home/runner/.m2/settings.xml
Build & Test	Setup Gradle	﻿2026-07-16T04:31:45.3341360Z Node 20 is being deprecated. This workflow is running with Node 24 by default. If you need to temporarily use Node 20, you can set the ACTIONS_ALLOW_USE_UNSECURE_NODE_VERSION=true environment variable. For more information see: https://github.blog/changelog/2025-09-19-deprecation-of-node-20-on-github-actions-runners/
Build & Test	Setup Gradle	2026-07-16T04:31:45.3343705Z ##[group]Run gradle/actions/setup-gradle@v4
Build & Test	Setup Gradle	2026-07-16T04:31:45.3344213Z with:
Build & Test	Setup Gradle	2026-07-16T04:31:45.3344591Z   cache-disabled: false
Build & Test	Setup Gradle	2026-07-16T04:31:45.3345032Z   cache-read-only: false
Build & Test	Setup Gradle	2026-07-16T04:31:45.3345484Z   cache-write-only: false
Build & Test	Setup Gradle	2026-07-16T04:31:45.3345954Z   cache-overwrite-existing: false
Build & Test	Setup Gradle	2026-07-16T04:31:45.3346448Z   cache-cleanup: on-success
Build & Test	Setup Gradle	2026-07-16T04:31:45.3346969Z   gradle-home-cache-includes: caches
Build & Test	Setup Gradle	notifications
Build & Test	Setup Gradle	
Build & Test	Setup Gradle	2026-07-16T04:31:45.3347559Z   add-job-summary: always
Build & Test	Setup Gradle	2026-07-16T04:31:45.3347994Z   add-job-summary-as-pr-comment: never
Build & Test	Setup Gradle	2026-07-16T04:31:45.3348504Z   dependency-graph: disabled
Build & Test	Setup Gradle	2026-07-16T04:31:45.3349022Z   dependency-graph-report-dir: dependency-graph-reports
Build & Test	Setup Gradle	2026-07-16T04:31:45.3349695Z   dependency-graph-continue-on-failure: true
Build & Test	Setup Gradle	2026-07-16T04:31:45.3350215Z   build-scan-publish: false
Build & Test	Setup Gradle	2026-07-16T04:31:45.3350839Z   validate-wrappers: true
Build & Test	Setup Gradle	2026-07-16T04:31:45.3351268Z   allow-snapshot-wrappers: false
Build & Test	Setup Gradle	2026-07-16T04:31:45.3351734Z   gradle-home-cache-strict-match: false
Build & Test	Setup Gradle	2026-07-16T04:31:45.3352218Z   workflow-job-context: null
Build & Test	Setup Gradle	2026-07-16T04:31:45.3356706Z   github-token: ***
Build & Test	Setup Gradle	2026-07-16T04:31:45.3357072Z env:
Build & Test	Setup Gradle	2026-07-16T04:31:45.3357565Z   JAVA_HOME: /opt/hostedtoolcache/Java_Temurin-Hotspot_jdk/17.0.19-10/x64
Build & Test	Setup Gradle	2026-07-16T04:31:45.3358454Z   JAVA_HOME_17_X64: /opt/hostedtoolcache/Java_Temurin-Hotspot_jdk/17.0.19-10/x64
Build & Test	Setup Gradle	2026-07-16T04:31:45.3359101Z ##[endgroup]
Build & Test	Setup Gradle	2026-07-16T04:31:45.9145374Z Merged default JDK locations into /home/runner/.m2/toolchains.xml
Build & Test	Setup Gradle	2026-07-16T04:31:45.9161501Z Preparing cache for cleanup.
Build & Test	Setup Gradle	2026-07-16T04:31:45.9181926Z ##[group]Restore Gradle state from cache
Build & Test	Setup Gradle	2026-07-16T04:31:46.0001895Z Cache hit for restore-key: gradle-home-v1|Linux-X64|build-and-test[b8a35c2f917259958c9abe8f2ff1b5ff]-d4cbeb2893cefddbb4abbd8f9c3ac6b56467b8ba
Build & Test	Setup Gradle	2026-07-16T04:31:46.1791434Z Received 520736 of 520736 (100.0%), 3.9 MBs/sec
Build & Test	Setup Gradle	2026-07-16T04:31:46.1793462Z Cache Size: ~0 MB (520736 B)
Build & Test	Setup Gradle	2026-07-16T04:31:46.1832868Z [command]/usr/bin/tar -xf /home/runner/work/_temp/d12e421a-7e4d-4a16-90af-27e1ba2c1612/cache.tzst -P -C /home/runner/work/Sortit/Sortit --use-compress-program unzstd
Build & Test	Setup Gradle	2026-07-16T04:31:46.3032824Z Cache restored successfully
Build & Test	Setup Gradle	2026-07-16T04:31:46.3052036Z Restored cache entry with key gradle-home-v1|Linux-X64|build-and-test[b8a35c2f917259958c9abe8f2ff1b5ff]-0a62d016b7e5475a45de831b24ae4a967e427663 to /home/runner/.gradle/caches,/home/runner/.gradle/notifications,/home/runner/.gradle/.setup-gradle in 386ms
Build & Test	Setup Gradle	2026-07-16T04:31:46.4031583Z Cache hit for: gradle-dependencies-v1-baa31e53806528e3ab1f7fd1bb433df1
Build & Test	Setup Gradle	2026-07-16T04:31:46.4051463Z Cache hit for: gradle-instrumented-jars-v1-5097687f5e544e990b63b4f224dc7144
Build & Test	Setup Gradle	2026-07-16T04:31:46.4108354Z Cache hit for: gradle-groovy-dsl-v1-d64978a2a5ed826191cf601cc5e1acda
Build & Test	Setup Gradle	2026-07-16T04:31:46.4116737Z Cache hit for: gradle-wrapper-zips-v1-df6ecc383658ce44d9cbac4d1bfd12bf
Build & Test	Setup Gradle	2026-07-16T04:31:46.4180942Z Cache hit for: gradle-generated-gradle-jars-v1-26cfecc158c44513d188405a5d2d0d9c
Build & Test	Setup Gradle	2026-07-16T04:31:46.4261965Z Cache hit for: gradle-transforms-v1-ee1de4825ff35685064d3af037c65344
Build & Test	Setup Gradle	2026-07-16T04:31:46.4385653Z Cache hit for: gradle-kotlin-dsl-v1-0a98c54f007acd6b1474123a0b5c2ef3
Build & Test	Setup Gradle	2026-07-16T04:31:46.6610857Z Received 72256 of 72256 (100.0%), 0.3 MBs/sec
Build & Test	Setup Gradle	2026-07-16T04:31:46.6631409Z Cache Size: ~0 MB (72256 B)
Build & Test	Setup Gradle	2026-07-16T04:31:46.8207674Z Received 111541 of 111541 (100.0%), 0.3 MBs/sec
Build & Test	Setup Gradle	2026-07-16T04:31:46.8209167Z Cache Size: ~0 MB (111541 B)
Build & Test	Setup Gradle	2026-07-16T04:31:47.1817088Z Received 115978 of 115978 (100.0%), 0.6 MBs/sec
Build & Test	Setup Gradle	2026-07-16T04:31:47.1817803Z Cache Size: ~0 MB (115978 B)
Build & Test	Setup Gradle	2026-07-16T04:31:47.2682630Z [command]/usr/bin/tar -xf /home/runner/work/_temp/ab69101e-b97e-4d8a-99de-4f37a3b82304/cache.tzst -P -C /home/runner/work/Sortit/Sortit --use-compress-program unzstd
Build & Test	Setup Gradle	2026-07-16T04:31:47.3569520Z Cache restored successfully
Build & Test	Setup Gradle	2026-07-16T04:31:47.3652204Z [command]/usr/bin/tar -xf /home/runner/work/_temp/efdb43f8-c459-408b-bc2b-ed55dce96bb0/cache.tzst -P -C /home/runner/work/Sortit/Sortit --use-compress-program unzstd
Build & Test	Setup Gradle	2026-07-16T04:31:47.3712244Z Restored cache entry with key gradle-instrumented-jars-v1-5097687f5e544e990b63b4f224dc7144 to /home/runner/.gradle/caches/jars-*/*/ in 1065ms
Build & Test	Setup Gradle	2026-07-16T04:31:47.4545427Z Cache restored successfully
Build & Test	Setup Gradle	2026-07-16T04:31:47.4602891Z Restored cache entry with key gradle-groovy-dsl-v1-d64978a2a5ed826191cf601cc5e1acda to /home/runner/.gradle/caches/*/groovy-dsl/*/ in 1154ms
Build & Test	Setup Gradle	2026-07-16T04:31:47.4790500Z Received 4194304 of 232510886 (1.8%), 3.9 MBs/sec
Build & Test	Setup Gradle	2026-07-16T04:31:47.5312022Z Received 12582912 of 39619900 (31.8%), 11.8 MBs/sec
Build & Test	Setup Gradle	2026-07-16T04:31:47.5494225Z Received 54525952 of 165326447 (33.0%), 51.1 MBs/sec
Build & Test	Setup Gradle	2026-07-16T04:31:47.5753345Z Received 0 of 135426545 (0.0%), 0.0 MBs/sec
Build & Test	Setup Gradle	2026-07-16T04:31:47.7252917Z [command]/usr/bin/tar -xf /home/runner/work/_temp/a46d5167-1f45-431a-8ecd-a1cfacc6d1b4/cache.tzst -P -C /home/runner/work/Sortit/Sortit --use-compress-program unzstd
Build & Test	Setup Gradle	2026-07-16T04:31:47.8269779Z Cache restored successfully
Build & Test	Setup Gradle	2026-07-16T04:31:47.8523539Z Restored cache entry with key gradle-kotlin-dsl-v1-0a98c54f007acd6b1474123a0b5c2ef3 to /home/runner/.gradle/caches/*/kotlin-dsl/accessors/*/,/home/runner/.gradle/caches/*/kotlin-dsl/scripts/*/ in 1544ms
Build & Test	Setup Gradle	2026-07-16T04:31:48.0688321Z Received 39619900 of 39619900 (100.0%), 24.3 MBs/sec
Build & Test	Setup Gradle	2026-07-16T04:31:48.0691187Z Cache Size: ~38 MB (39619900 B)
Build & Test	Setup Gradle	2026-07-16T04:31:48.2392060Z [command]/usr/bin/tar -xf /home/runner/work/_temp/f37d58af-5b09-421a-8136-064a26e15551/cache.tzst -P -C /home/runner/work/Sortit/Sortit --use-compress-program unzstd
Build & Test	Setup Gradle	2026-07-16T04:31:48.4871865Z Received 96468992 of 232510886 (41.5%), 45.5 MBs/sec
Build & Test	Setup Gradle	2026-07-16T04:31:48.5872907Z Received 121634816 of 165326447 (73.6%), 56.4 MBs/sec
Build & Test	Setup Gradle	2026-07-16T04:31:48.5894723Z Received 62914560 of 135426545 (46.5%), 29.7 MBs/sec
Build & Test	Setup Gradle	2026-07-16T04:31:48.9962088Z Cache restored successfully
Build & Test	Setup Gradle	2026-07-16T04:31:49.0082598Z Restored cache entry with key gradle-generated-gradle-jars-v1-26cfecc158c44513d188405a5d2d0d9c to /home/runner/.gradle/caches/8.9/generated-gradle-jars/gradle-api-8.9.jar in 2702ms
Build & Test	Setup Gradle	2026-07-16T04:31:49.5262121Z Received 150994944 of 232510886 (64.9%), 47.1 MBs/sec
Build & Test	Setup Gradle	2026-07-16T04:31:49.5908820Z Received 150994944 of 165326447 (91.3%), 47.1 MBs/sec
Build & Test	Setup Gradle	2026-07-16T04:31:49.5931202Z Received 134217728 of 135426545 (99.1%), 42.3 MBs/sec
Build & Test	Setup Gradle	2026-07-16T04:31:49.6161880Z Received 135426545 of 135426545 (100.0%), 42.4 MBs/sec
Build & Test	Setup Gradle	2026-07-16T04:31:49.6205043Z Cache Size: ~129 MB (135426545 B)
Build & Test	Setup Gradle	2026-07-16T04:31:49.7352384Z [command]/usr/bin/tar -xf /home/runner/work/_temp/7f9ceb00-311e-4c6f-b78c-7a2f3153ad12/cache.tzst -P -C /home/runner/work/Sortit/Sortit --use-compress-program unzstd
Build & Test	Setup Gradle	2026-07-16T04:31:50.0341989Z Received 165326447 of 165326447 (100.0%), 45.0 MBs/sec
Build & Test	Setup Gradle	2026-07-16T04:31:50.0358971Z Cache Size: ~158 MB (165326447 B)
Build & Test	Setup Gradle	2026-07-16T04:31:50.0792956Z Received 232510886 of 232510886 (100.0%), 61.4 MBs/sec
Build & Test	Setup Gradle	2026-07-16T04:31:50.0825039Z Cache Size: ~222 MB (232510886 B)
Build & Test	Setup Gradle	2026-07-16T04:31:50.0866707Z [command]/usr/bin/tar -xf /home/runner/work/_temp/929530d8-ce5a-47a7-b95e-af422c013ad2/cache.tzst -P -C /home/runner/work/Sortit/Sortit --use-compress-program unzstd
Build & Test	Setup Gradle	2026-07-16T04:31:50.1003184Z [command]/usr/bin/tar -xf /home/runner/work/_temp/49d37954-a16f-45dd-a785-386e953dc1a8/cache.tzst -P -C /home/runner/work/Sortit/Sortit --use-compress-program unzstd
Build & Test	Setup Gradle	2026-07-16T04:31:50.4073038Z Cache restored successfully
Build & Test	Setup Gradle	2026-07-16T04:31:50.6632335Z Restored cache entry with key gradle-wrapper-zips-v1-df6ecc383658ce44d9cbac4d1bfd12bf to /home/runner/.gradle/wrapper/dists/gradle-8.9-bin/90cnw93cvbtalezasaz0blq0a in 4357ms
Build & Test	Setup Gradle	2026-07-16T04:31:51.7581691Z Cache restored successfully
Build & Test	Setup Gradle	2026-07-16T04:31:53.0822393Z Restored cache entry with key gradle-dependencies-v1-baa31e53806528e3ab1f7fd1bb433df1 to /home/runner/.gradle/caches/modules-*/files-*/*/*/*/* in 6776ms
Build & Test	Setup Gradle	2026-07-16T04:31:54.5451070Z Cache restored successfully
Build & Test	Setup Gradle	2026-07-16T04:31:54.5531323Z Restored cache entry with key gradle-transforms-v1-ee1de4825ff35685064d3af037c65344 to /home/runner/.gradle/caches/transforms-4/*/,/home/runner/.gradle/caches/*/transforms/*/ in 8245ms
Build & Test	Setup Gradle	2026-07-16T04:31:54.5634100Z ##[endgroup]
Build & Test	Setup Gradle	2026-07-16T04:31:54.5758214Z ##[group]All Gradle Wrapper jars are valid
Build & Test	Setup Gradle	2026-07-16T04:31:54.5760378Z ✓ Found known Gradle Wrapper JAR files:
Build & Test	Setup Gradle	2026-07-16T04:31:54.5761780Z   498495120a03b9a6ab5d155f5de3c8f0d986a449153702fb80fc80e134484f17 gradle/wrapper/gradle-wrapper.jar
Build & Test	Setup Gradle	2026-07-16T04:31:54.5766519Z ##[endgroup]
Build & Test	Grant execute permission	﻿2026-07-16T04:31:54.6186354Z ##[group]Run chmod +x ./gradlew
Build & Test	Grant execute permission	2026-07-16T04:31:54.6186767Z ^[[36;1mchmod +x ./gradlew^[[0m
Build & Test	Grant execute permission	2026-07-16T04:31:55.0066293Z shell: /usr/bin/bash -e {0}
Build & Test	Grant execute permission	2026-07-16T04:31:55.0066886Z env:
Build & Test	Grant execute permission	2026-07-16T04:31:55.0067485Z   JAVA_HOME: /opt/hostedtoolcache/Java_Temurin-Hotspot_jdk/17.0.19-10/x64
Build & Test	Grant execute permission	2026-07-16T04:31:55.0068467Z   JAVA_HOME_17_X64: /opt/hostedtoolcache/Java_Temurin-Hotspot_jdk/17.0.19-10/x64
Build & Test	Grant execute permission	2026-07-16T04:31:55.0069265Z   GRADLE_ACTION_ID: gradle/actions/setup-gradle
Build & Test	Grant execute permission	2026-07-16T04:31:55.0069862Z   GRADLE_USER_HOME: /home/runner/.gradle
Build & Test	Grant execute permission	2026-07-16T04:31:55.0070419Z   GRADLE_BUILD_ACTION_SETUP_COMPLETED: true
Build & Test	Grant execute permission	2026-07-16T04:31:55.0071204Z   GRADLE_BUILD_ACTION_CACHE_RESTORED: true
Build & Test	Grant execute permission	2026-07-16T04:31:55.0072035Z   DEVELOCITY_INJECTION_INIT_SCRIPT_NAME: gradle-actions.inject-develocity.init.gradle
Build & Test	Grant execute permission	2026-07-16T04:31:55.0072947Z   DEVELOCITY_INJECTION_CUSTOM_VALUE: gradle-actions
Build & Test	Grant execute permission	2026-07-16T04:31:55.0073499Z   GITHUB_DEPENDENCY_GRAPH_ENABLED: false
Build & Test	Grant execute permission	2026-07-16T04:31:55.0073962Z ##[endgroup]
Build & Test	Unit tests	﻿2026-07-16T04:31:55.0231594Z ##[group]Run ./gradlew testDebugUnitTest --no-daemon
Build & Test	Unit tests	2026-07-16T04:31:55.0232104Z ^[[36;1m./gradlew testDebugUnitTest --no-daemon^[[0m
Build & Test	Unit tests	2026-07-16T04:31:55.0263767Z shell: /usr/bin/bash -e {0}
Build & Test	Unit tests	2026-07-16T04:31:55.0264076Z env:
Build & Test	Unit tests	2026-07-16T04:31:55.0264622Z   JAVA_HOME: /opt/hostedtoolcache/Java_Temurin-Hotspot_jdk/17.0.19-10/x64
Build & Test	Unit tests	2026-07-16T04:31:55.0265208Z   JAVA_HOME_17_X64: /opt/hostedtoolcache/Java_Temurin-Hotspot_jdk/17.0.19-10/x64
Build & Test	Unit tests	2026-07-16T04:31:55.0265712Z   GRADLE_ACTION_ID: gradle/actions/setup-gradle
Build & Test	Unit tests	2026-07-16T04:31:55.0266077Z   GRADLE_USER_HOME: /home/runner/.gradle
Build & Test	Unit tests	2026-07-16T04:31:55.0266420Z   GRADLE_BUILD_ACTION_SETUP_COMPLETED: true
Build & Test	Unit tests	2026-07-16T04:31:55.0266831Z   GRADLE_BUILD_ACTION_CACHE_RESTORED: true
Build & Test	Unit tests	2026-07-16T04:31:55.0267324Z   DEVELOCITY_INJECTION_INIT_SCRIPT_NAME: gradle-actions.inject-develocity.init.gradle
Build & Test	Unit tests	2026-07-16T04:31:55.0267853Z   DEVELOCITY_INJECTION_CUSTOM_VALUE: gradle-actions
Build & Test	Unit tests	2026-07-16T04:31:55.0268224Z   GITHUB_DEPENDENCY_GRAPH_ENABLED: false
Build & Test	Unit tests	2026-07-16T04:31:55.0268562Z ##[endgroup]
Build & Test	Unit tests	2026-07-16T04:31:56.6040078Z To honour the JVM settings for this build a single-use Daemon process will be forked. For more on this, please refer to https://docs.gradle.org/8.9/userguide/gradle_daemon.html#sec:disabling_the_daemon in the Gradle documentation.
Build & Test	Unit tests	2026-07-16T04:31:58.6001857Z Daemon will be stopped at the end of the build 
Build & Test	Unit tests	2026-07-16T04:32:12.8031904Z > Task :app:checkKotlinGradlePluginConfigurationErrors
Build & Test	Unit tests	2026-07-16T04:32:12.8041562Z > Task :app:preBuild UP-TO-DATE
Build & Test	Unit tests	2026-07-16T04:32:12.8042978Z > Task :app:preDebugBuild UP-TO-DATE
Build & Test	Unit tests	2026-07-16T04:32:13.8028486Z > Task :app:generateDebugResValues
Build & Test	Unit tests	2026-07-16T04:32:14.0011907Z > Task :app:checkDebugAarMetadata
Build & Test	Unit tests	2026-07-16T04:32:14.0031800Z > Task :app:mapDebugSourceSetPaths
Build & Test	Unit tests	2026-07-16T04:32:14.0032888Z > Task :app:generateDebugResources
Build & Test	Unit tests	2026-07-16T04:32:16.5995608Z > Task :app:packageDebugResources
Build & Test	Unit tests	2026-07-16T04:32:16.6992923Z > Task :app:mergeDebugResources
Build & Test	Unit tests	2026-07-16T04:32:22.1023269Z > Task :app:createDebugCompatibleScreenManifests
Build & Test	Unit tests	2026-07-16T04:32:22.1053591Z > Task :app:extractDeepLinksDebug
Build & Test	Unit tests	2026-07-16T04:32:22.2991218Z > Task :app:parseDebugLocalResources
Build & Test	Unit tests	2026-07-16T04:32:22.6332856Z > Task :app:processDebugMainManifest
Build & Test	Unit tests	2026-07-16T04:32:22.7242388Z > Task :app:processDebugManifest
Build & Test	Unit tests	2026-07-16T04:32:26.6993016Z > Task :app:processDebugManifestForPackage
Build & Test	Unit tests	2026-07-16T04:32:26.7011243Z > Task :app:javaPreCompileDebug
Build & Test	Unit tests	2026-07-16T04:32:27.9016207Z > Task :app:preDebugUnitTestBuild UP-TO-DATE
Build & Test	Unit tests	2026-07-16T04:32:27.9017394Z > Task :app:javaPreCompileDebugUnitTest
Build & Test	Unit tests	2026-07-16T04:32:28.1991725Z > Task :app:processDebugResources
Build & Test	Unit tests	2026-07-16T04:32:48.6991575Z > Task :app:kspDebugKotlin
Build & Test	Unit tests	2026-07-16T04:32:57.1027807Z e: file:///home/runner/work/Sortit/Sortit/app/src/main/java/com/sortit/domain/ScanPathUseCase.kt:9:13 Unresolved reference: SystemExcludes
Build & Test	Unit tests	2026-07-16T04:32:57.1028853Z 
Build & Test	Unit tests	2026-07-16T04:32:57.1053294Z e: file:///home/runner/work/Sortit/Sortit/app/src/main/java/com/sortit/ui/MonitorViewModel.kt:17:22 Unresolved reference. None of the following candidates is applicable because of receiver type mismatch: 
Build & Test	Unit tests	2026-07-16T04:32:57.1072339Z public operator fun MatchGroupCollection.get(name: String): MatchGroup? defined in kotlin.text
Build & Test	Unit tests	2026-07-16T04:32:57.1095115Z > Task :app:compileDebugKotlin
Build & Test	Unit tests	2026-07-16T04:32:57.1099064Z e: file:///home/runner/work/Sortit/Sortit/app/src/main/java/com/sortit/ui/SortirScreen.kt:44:17 None of the following functions can be called with the arguments supplied: 
Build & Test	Unit tests	2026-07-16T04:32:57.1105308Z public fun LinearProgressIndicator(progress: () -> Float, modifier: Modifier = ..., color: Color = ..., trackColor: Color = ..., strokeCap: StrokeCap = ..., gapSize: Dp = ..., drawStopIndicator: DrawScope.() -> Unit = ...): Unit defined in androidx.compose.material3
Build & Test	Unit tests	2026-07-16T04:32:57.1108491Z public fun LinearProgressIndicator(modifier: Modifier = ..., color: Color = ..., trackColor: Color = ..., strokeCap: StrokeCap = ..., gapSize: Dp = ...): Unit defined in androidx.compose.material3
Build & Test	Unit tests	2026-07-16T04:32:57.1111740Z public fun LinearProgressIndicator(progress: Float, modifier: Modifier = ..., color: Color = ..., trackColor: Color = ..., strokeCap: StrokeCap = ...): Unit defined in androidx.compose.material3
Build & Test	Unit tests	2026-07-16T04:32:57.1114818Z e: file:///home/runner/work/Sortit/Sortit/app/src/main/java/com/sortit/ui/SortirScreen.kt:56:93 Unresolved reference: Alignment
Build & Test	Unit tests	2026-07-16T04:32:57.1117083Z e: file:///home/runner/work/Sortit/Sortit/app/src/main/java/com/sortit/ui/TemplateScreen.kt:43:5 None of the following functions can be called with the arguments supplied: 
Build & Test	Unit tests	2026-07-16T04:32:57.1120817Z public fun Card(onClick: () -> Unit, modifier: Modifier = ..., enabled: Boolean = ..., shape: Shape = ..., colors: CardColors = ..., elevation: CardElevation = ..., border: BorderStroke? = ..., interactionSource: MutableInteractionSource? = ..., content: ColumnScope.() -> Unit): Unit defined in androidx.compose.material3
Build & Test	Unit tests	2026-07-16T04:32:57.1126470Z public fun Card(modifier: Modifier = ..., shape: Shape = ..., colors: CardColors = ..., elevation: CardElevation = ..., border: BorderStroke? = ..., content: ColumnScope.() -> Unit): Unit defined in androidx.compose.material3
Build & Test	Unit tests	2026-07-16T04:32:57.1129094Z e: file:///home/runner/work/Sortit/Sortit/app/src/main/java/com/sortit/ui/TemplateScreen.kt:44:9 @Composable invocations can only happen from the context of a @Composable function
Build & Test	Unit tests	2026-07-16T04:32:57.1990249Z 
Build & Test	Unit tests	2026-07-16T04:32:57.2014359Z > Task :app:compileDebugKotlin FAILED
Build & Test	Unit tests	2026-07-16T04:32:57.2031731Z gradle/actions: Writing build results to /home/runner/work/_temp/.gradle-actions/build-results/__run_2-1784176323194.json
Build & Test	Unit tests	2026-07-16T04:32:57.2999427Z 
Build & Test	Unit tests	2026-07-16T04:32:57.3009199Z 18 actionable tasks: 18 executed
Build & Test	Unit tests	2026-07-16T04:32:57.3031362Z FAILURE: Build failed with an exception.
Build & Test	Unit tests	2026-07-16T04:32:57.3032587Z 
Build & Test	Unit tests	2026-07-16T04:32:57.3051203Z * What went wrong:
Build & Test	Unit tests	2026-07-16T04:32:57.3071194Z Execution failed for task ':app:compileDebugKotlin'.
Build & Test	Unit tests	2026-07-16T04:32:57.3091955Z > A failure occurred while executing org.jetbrains.kotlin.compilerRunner.GradleCompilerRunnerWithWorkers$GradleKotlinCompilerWorkAction
Build & Test	Unit tests	2026-07-16T04:32:57.3131192Z    > Compilation error. See log for more details
Build & Test	Unit tests	2026-07-16T04:32:57.3170875Z 
Build & Test	Unit tests	2026-07-16T04:32:57.3171160Z * Try:
Build & Test	Unit tests	2026-07-16T04:32:57.3171709Z > Run with --stacktrace option to get the stack trace.
Build & Test	Unit tests	2026-07-16T04:32:57.3172513Z > Run with --info or --debug option to get more log output.
Build & Test	Unit tests	2026-07-16T04:32:57.3211198Z > Run with --scan to get full insights.
Build & Test	Unit tests	2026-07-16T04:32:57.3211883Z > Get more help at https://help.gradle.org.
Build & Test	Unit tests	2026-07-16T04:32:57.3212300Z 
Build & Test	Unit tests	2026-07-16T04:32:57.3212490Z BUILD FAILED in 1m 2s
Build & Test	Unit tests	2026-07-16T04:32:57.9271991Z ##[error]Process completed with exit code 1.
Build & Test	Upload test results	﻿2026-07-16T04:32:57.9349292Z Node 20 is being deprecated. This workflow is running with Node 24 by default. If you need to temporarily use Node 20, you can set the ACTIONS_ALLOW_USE_UNSECURE_NODE_VERSION=true environment variable. For more information see: https://github.blog/changelog/2025-09-19-deprecation-of-node-20-on-github-actions-runners/
Build & Test	Upload test results	2026-07-16T04:32:57.9351064Z ##[group]Run actions/upload-artifact@v4
Build & Test	Upload test results	2026-07-16T04:32:57.9351406Z with:
Build & Test	Upload test results	2026-07-16T04:32:57.9351647Z   name: test-results
Build & Test	Upload test results	2026-07-16T04:32:57.9351960Z   path: app/build/test-results/testDebugUnitTest/
Build & Test	Upload test results	2026-07-16T04:32:57.9352341Z   if-no-files-found: warn
Build & Test	Upload test results	2026-07-16T04:32:57.9352632Z   compression-level: 6
Build & Test	Upload test results	2026-07-16T04:32:57.9352906Z   overwrite: false
Build & Test	Upload test results	2026-07-16T04:32:57.9353169Z   include-hidden-files: false
Build & Test	Upload test results	2026-07-16T04:32:57.9353450Z env:
Build & Test	Upload test results	2026-07-16T04:32:57.9353794Z   JAVA_HOME: /opt/hostedtoolcache/Java_Temurin-Hotspot_jdk/17.0.19-10/x64
Build & Test	Upload test results	2026-07-16T04:32:57.9354344Z   JAVA_HOME_17_X64: /opt/hostedtoolcache/Java_Temurin-Hotspot_jdk/17.0.19-10/x64
Build & Test	Upload test results	2026-07-16T04:32:57.9354867Z   GRADLE_ACTION_ID: gradle/actions/setup-gradle
Build & Test	Upload test results	2026-07-16T04:32:57.9355225Z   GRADLE_USER_HOME: /home/runner/.gradle
Build & Test	Upload test results	2026-07-16T04:32:57.9355566Z   GRADLE_BUILD_ACTION_SETUP_COMPLETED: true
Build & Test	Upload test results	2026-07-16T04:32:57.9355913Z   GRADLE_BUILD_ACTION_CACHE_RESTORED: true
Build & Test	Upload test results	2026-07-16T04:32:57.9356414Z   DEVELOCITY_INJECTION_INIT_SCRIPT_NAME: gradle-actions.inject-develocity.init.gradle
Build & Test	Upload test results	2026-07-16T04:32:57.9356950Z   DEVELOCITY_INJECTION_CUSTOM_VALUE: gradle-actions
Build & Test	Upload test results	2026-07-16T04:32:57.9357317Z   GITHUB_DEPENDENCY_GRAPH_ENABLED: false
Build & Test	Upload test results	2026-07-16T04:32:57.9357633Z ##[endgroup]
Build & Test	Upload test results	2026-07-16T04:32:58.1364325Z (node:2335) [DEP0040] DeprecationWarning: The `punycode` module is deprecated. Please use a userland alternative instead.
Build & Test	Upload test results	2026-07-16T04:32:58.1366047Z (Use `node --trace-deprecation ...` to show where the warning was created)
Build & Test	Upload test results	2026-07-16T04:32:58.1397524Z ##[warning]No files were found with the provided path: app/build/test-results/testDebugUnitTest/. No artifacts will be uploaded.
Build & Test	Post Setup Gradle	﻿2026-07-16T04:32:58.1903882Z Node 20 is being deprecated. This workflow is running with Node 24 by default. If you need to temporarily use Node 20, you can set the ACTIONS_ALLOW_USE_UNSECURE_NODE_VERSION=true environment variable. For more information see: https://github.blog/changelog/2025-09-19-deprecation-of-node-20-on-github-actions-runners/
Build & Test	Post Setup Gradle	2026-07-16T04:32:58.1906160Z Post job cleanup.
Build & Test	Post Setup Gradle	2026-07-16T04:32:58.5426532Z In post-action step
Build & Test	Post Setup Gradle	2026-07-16T04:32:58.5462008Z ##[group]Stopping Gradle daemons
Build & Test	Post Setup Gradle	2026-07-16T04:32:58.5473496Z Stopping Gradle daemons for /home/runner/.gradle/wrapper/dists/gradle-8.9-bin/90cnw93cvbtalezasaz0blq0a/gradle-8.9
Build & Test	Post Setup Gradle	2026-07-16T04:32:58.5502182Z [command]/home/runner/.gradle/wrapper/dists/gradle-8.9-bin/90cnw93cvbtalezasaz0blq0a/gradle-8.9/bin/gradle --stop
Build & Test	Post Setup Gradle	2026-07-16T04:32:59.5820172Z No Gradle daemons are running.
Build & Test	Post Setup Gradle	2026-07-16T04:32:59.5998715Z ##[endgroup]
Build & Test	Post Setup Gradle	2026-07-16T04:32:59.6001965Z Not performing cache-cleanup due to build failure
Build & Test	Post Setup Gradle	2026-07-16T04:32:59.6021936Z ##[group]Caching Gradle state
Build & Test	Post Setup Gradle	2026-07-16T04:33:00.6949429Z [command]/usr/bin/tar --posix -cf cache.tzst --exclude cache.tzst -P -C /home/runner/work/Sortit/Sortit --files-from manifest.txt --use-compress-program zstdmt
Build & Test	Post Setup Gradle	2026-07-16T04:33:01.7629250Z [command]/usr/bin/tar --posix -cf cache.tzst --exclude cache.tzst -P -C /home/runner/work/Sortit/Sortit --files-from manifest.txt --use-compress-program zstdmt
Build & Test	Post Setup Gradle	2026-07-16T04:33:03.6395135Z Sent 3617322 of 272052778 (1.3%), 3.4 MBs/sec
Build & Test	Post Setup Gradle	2026-07-16T04:33:04.4412890Z Sent 272052778 of 272052778 (100.0%), 144.1 MBs/sec
Build & Test	Post Setup Gradle	2026-07-16T04:33:04.5952390Z Saved cache entry with key gradle-dependencies-v1-f4bf2ba67edf1eba851f3e14df708cb2 from /home/runner/.gradle/caches/modules-*/files-*/*/*/*/* in 4515ms
Build & Test	Post Setup Gradle	2026-07-16T04:33:06.5517896Z Sent 0 of 190194470 (0.0%), 0.0 MBs/sec
Build & Test	Post Setup Gradle	2026-07-16T04:33:06.8681405Z Sent 190194470 of 190194470 (100.0%), 137.8 MBs/sec
Build & Test	Post Setup Gradle	2026-07-16T04:33:06.9575103Z Saved cache entry with key gradle-transforms-v1-0d266c2beb36f2398482a29583b5745d from /home/runner/.gradle/caches/transforms-4/*/,/home/runner/.gradle/caches/*/transforms/*/ in 6240ms
Build & Test	Post Setup Gradle	2026-07-16T04:33:07.3893736Z [command]/usr/bin/tar --posix -cf cache.tzst --exclude cache.tzst -P -C /home/runner/work/Sortit/Sortit --files-from manifest.txt --use-compress-program zstdmt
Build & Test	Post Setup Gradle	2026-07-16T04:33:07.6140058Z Sent 621044 of 621044 (100.0%), 6.2 MBs/sec
Build & Test	Post Setup Gradle	2026-07-16T04:33:07.6791562Z Saved cache entry with key gradle-home-v1|Linux-X64|build-and-test[b8a35c2f917259958c9abe8f2ff1b5ff]-0a62d016b7e5475a45de831b24ae4a967e427663 from /home/runner/.gradle/caches,/home/runner/.gradle/notifications,/home/runner/.gradle/.setup-gradle in 305ms
Build & Test	Post Setup Gradle	2026-07-16T04:33:07.6794395Z ##[endgroup]
Build & Test	Post Setup Gradle	2026-07-16T04:33:07.6800038Z Generating Job Summary
Build & Test	Post Setup Gradle	2026-07-16T04:33:07.6804910Z Completed post-action step
Build & Test	Post Set up JDK 17	﻿2026-07-16T04:33:07.7050188Z Node 20 is being deprecated. This workflow is running with Node 24 by default. If you need to temporarily use Node 20, you can set the ACTIONS_ALLOW_USE_UNSECURE_NODE_VERSION=true environment variable. For more information see: https://github.blog/changelog/2025-09-19-deprecation-of-node-20-on-github-actions-runners/
Build & Test	Post Set up JDK 17	2026-07-16T04:33:07.7051759Z Post job cleanup.
Build & Test	Post Set up JDK 17	2026-07-16T04:33:07.8469824Z (node:2417) [DEP0040] DeprecationWarning: The `punycode` module is deprecated. Please use a userland alternative instead.
Build & Test	Post Set up JDK 17	2026-07-16T04:33:07.8471947Z (Use `node --trace-deprecation ...` to show where the warning was created)
Build & Test	Post Checkout	﻿2026-07-16T04:33:07.8734444Z Node 20 is being deprecated. This workflow is running with Node 24 by default. If you need to temporarily use Node 20, you can set the ACTIONS_ALLOW_USE_UNSECURE_NODE_VERSION=true environment variable. For more information see: https://github.blog/changelog/2025-09-19-deprecation-of-node-20-on-github-actions-runners/
Build & Test	Post Checkout	2026-07-16T04:33:07.8736927Z Post job cleanup.
Build & Test	Post Checkout	2026-07-16T04:33:08.0271439Z [command]/usr/bin/git version
Build & Test	Post Checkout	2026-07-16T04:33:08.0363463Z git version 2.54.0
Build & Test	Post Checkout	2026-07-16T04:33:08.0398754Z Temporarily overriding HOME='/home/runner/work/_temp/9f9a67d8-2eac-4beb-ae92-19878a791f51' before making global git config changes
Build & Test	Post Checkout	2026-07-16T04:33:08.0400908Z Adding repository directory to the temporary git global config as a safe directory
Build & Test	Post Checkout	2026-07-16T04:33:08.0412106Z [command]/usr/bin/git config --global --add safe.directory /home/runner/work/Sortit/Sortit
Build & Test	Post Checkout	2026-07-16T04:33:08.0477017Z [command]/usr/bin/git config --local --name-only --get-regexp core\.sshCommand
Build & Test	Post Checkout	2026-07-16T04:33:08.0558747Z [command]/usr/bin/git submodule foreach --recursive sh -c "git config --local --name-only --get-regexp 'core\.sshCommand' && git config --local --unset-all 'core.sshCommand' || :"
Build & Test	Post Checkout	2026-07-16T04:33:08.1006600Z [command]/usr/bin/git config --local --name-only --get-regexp http\.https\:\/\/github\.com\/\.extraheader
Build & Test	Post Checkout	2026-07-16T04:33:08.1038162Z http.https://github.com/.extraheader
Build & Test	Post Checkout	2026-07-16T04:33:08.1081712Z [command]/usr/bin/git config --local --unset-all http.https://github.com/.extraheader
Build & Test	Post Checkout	2026-07-16T04:33:08.1103086Z [command]/usr/bin/git submodule foreach --recursive sh -c "git config --local --name-only --get-regexp 'http\.https\:\/\/github\.com\/\.extraheader' && git config --local --unset-all 'http.https://github.com/.extraheader' || :"
Build & Test	Post Checkout	2026-07-16T04:33:08.1458590Z [command]/usr/bin/git config --local --name-only --get-regexp ^includeIf\.gitdir:
Build & Test	Post Checkout	2026-07-16T04:33:08.1537281Z [command]/usr/bin/git submodule foreach --recursive git config --local --show-origin --name-only --get-regexp remote.origin.url
Build & Test	Complete job	﻿2026-07-16T04:33:08.2072146Z Cleaning up orphan processes
Build & Test	Complete job	2026-07-16T04:33:08.2393575Z ##[warning]Node.js 20 is deprecated. The following actions target Node.js 20 but are being forced to run on Node.js 24: actions/checkout@v4, actions/setup-java@v4, actions/upload-artifact@v4, gradle/actions/setup-gradle@v4. For more information see: https://github.blog/changelog/2025-09-19-deprecation-of-node-20-on-github-actions-runners/
