Build & Test	Set up job	﻿2026-07-16T04:37:22.6892889Z Current runner version: '2.335.1'
Build & Test	Set up job	2026-07-16T04:37:22.6971261Z ##[group]Runner Image Provisioner
Build & Test	Set up job	2026-07-16T04:37:22.6972846Z Hosted Compute Agent
Build & Test	Set up job	2026-07-16T04:37:22.6994387Z Version: 20260624.560
Build & Test	Set up job	2026-07-16T04:37:22.6995588Z Commit: 925d229a51159bc391ae97e54a2dd1fe20af789d
Build & Test	Set up job	2026-07-16T04:37:22.6996913Z Build Date: 2026-06-24T18:26:47Z
Build & Test	Set up job	2026-07-16T04:37:22.6998159Z Worker ID: {61c21690-7e54-4481-b909-7fb63cb515c2}
Build & Test	Set up job	2026-07-16T04:37:22.6999774Z Azure Region: eastus
Build & Test	Set up job	2026-07-16T04:37:22.7000851Z ##[endgroup]
Build & Test	Set up job	2026-07-16T04:37:22.7003529Z ##[group]Operating System
Build & Test	Set up job	2026-07-16T04:37:22.7004829Z Ubuntu
Build & Test	Set up job	2026-07-16T04:37:22.7005754Z 24.04.4
Build & Test	Set up job	2026-07-16T04:37:22.7006748Z LTS
Build & Test	Set up job	2026-07-16T04:37:22.7007755Z ##[endgroup]
Build & Test	Set up job	2026-07-16T04:37:22.7008744Z ##[group]Runner Image
Build & Test	Set up job	2026-07-16T04:37:22.7009854Z Image: ubuntu-24.04
Build & Test	Set up job	2026-07-16T04:37:22.7010801Z Version: 20260705.232.1
Build & Test	Set up job	2026-07-16T04:37:22.7017771Z Included Software: https://github.com/actions/runner-images/blob/ubuntu24/20260705.232/images/ubuntu/Ubuntu2404-Readme.md
Build & Test	Set up job	2026-07-16T04:37:22.7020983Z Image Release: https://github.com/actions/runner-images/releases/tag/ubuntu24%2F20260705.232
Build & Test	Set up job	2026-07-16T04:37:22.7022828Z ##[endgroup]
Build & Test	Set up job	2026-07-16T04:37:22.7025274Z ##[group]GITHUB_TOKEN Permissions
Build & Test	Set up job	2026-07-16T04:37:22.7028685Z Contents: read
Build & Test	Set up job	2026-07-16T04:37:22.7029749Z Metadata: read
Build & Test	Set up job	2026-07-16T04:37:22.7030693Z Packages: read
Build & Test	Set up job	2026-07-16T04:37:22.7031801Z ##[endgroup]
Build & Test	Set up job	2026-07-16T04:37:22.7055597Z Secret source: Actions
Build & Test	Set up job	2026-07-16T04:37:22.7057160Z Prepare workflow directory
Build & Test	Set up job	2026-07-16T04:37:22.7621999Z Prepare all required actions
Build & Test	Set up job	2026-07-16T04:37:22.7679257Z Getting action download info
Build & Test	Set up job	2026-07-16T04:37:22.9900054Z Download action repository 'actions/checkout@v4' (SHA:34e114876b0b11c390a56381ad16ebd13914f8d5)
Build & Test	Set up job	2026-07-16T04:37:23.0693442Z Download action repository 'actions/setup-java@v4' (SHA:c1e323688fd81a25caa38c78aa6df2d33d3e20d9)
Build & Test	Set up job	2026-07-16T04:37:23.3075064Z Download action repository 'gradle/actions@v4' (SHA:ed408507eac070d1f99cc633dbcf757c94c7933a)
Build & Test	Set up job	2026-07-16T04:37:23.9725854Z Download action repository 'actions/upload-artifact@v4' (SHA:ea165f8d65b6e75b540449e92b4886f43607fa02)
Build & Test	Set up job	2026-07-16T04:37:24.2642507Z Complete job name: Build & Test
Build & Test	Checkout	﻿2026-07-16T04:37:24.3511427Z Node 20 is being deprecated. This workflow is running with Node 24 by default. If you need to temporarily use Node 20, you can set the ACTIONS_ALLOW_USE_UNSECURE_NODE_VERSION=true environment variable. For more information see: https://github.blog/changelog/2025-09-19-deprecation-of-node-20-on-github-actions-runners/
Build & Test	Checkout	2026-07-16T04:37:24.3522667Z ##[group]Run actions/checkout@v4
Build & Test	Checkout	2026-07-16T04:37:24.3524154Z with:
Build & Test	Checkout	2026-07-16T04:37:24.3524964Z   repository: Qiskdbwob/Sortit
Build & Test	Checkout	2026-07-16T04:37:24.3534967Z   token: ***
Build & Test	Checkout	2026-07-16T04:37:24.3535788Z   ssh-strict: true
Build & Test	Checkout	2026-07-16T04:37:24.3536622Z   ssh-user: git
Build & Test	Checkout	2026-07-16T04:37:24.3537456Z   persist-credentials: true
Build & Test	Checkout	2026-07-16T04:37:24.3538366Z   clean: true
Build & Test	Checkout	2026-07-16T04:37:24.3539191Z   sparse-checkout-cone-mode: true
Build & Test	Checkout	2026-07-16T04:37:24.3540172Z   fetch-depth: 1
Build & Test	Checkout	2026-07-16T04:37:24.3541010Z   fetch-tags: false
Build & Test	Checkout	2026-07-16T04:37:24.3541839Z   show-progress: true
Build & Test	Checkout	2026-07-16T04:37:24.3542696Z   lfs: false
Build & Test	Checkout	2026-07-16T04:37:24.3543619Z   submodules: false
Build & Test	Checkout	2026-07-16T04:37:24.3544505Z   set-safe-directory: true
Build & Test	Checkout	2026-07-16T04:37:24.3545750Z ##[endgroup]
Build & Test	Checkout	2026-07-16T04:37:24.4855767Z Syncing repository: Qiskdbwob/Sortit
Build & Test	Checkout	2026-07-16T04:37:24.4868839Z ##[group]Getting Git version info
Build & Test	Checkout	2026-07-16T04:37:24.4887559Z Working directory is '/home/runner/work/Sortit/Sortit'
Build & Test	Checkout	2026-07-16T04:37:24.4890994Z [command]/usr/bin/git version
Build & Test	Checkout	2026-07-16T04:37:24.4892879Z git version 2.54.0
Build & Test	Checkout	2026-07-16T04:37:24.4898644Z ##[endgroup]
Build & Test	Checkout	2026-07-16T04:37:24.4907800Z Temporarily overriding HOME='/home/runner/work/_temp/5eea6fe0-722f-46dc-94ca-d6e6e117f141' before making global git config changes
Build & Test	Checkout	2026-07-16T04:37:24.4912685Z Adding repository directory to the temporary git global config as a safe directory
Build & Test	Checkout	2026-07-16T04:37:24.4917021Z [command]/usr/bin/git config --global --add safe.directory /home/runner/work/Sortit/Sortit
Build & Test	Checkout	2026-07-16T04:37:24.5007116Z Deleting the contents of '/home/runner/work/Sortit/Sortit'
Build & Test	Checkout	2026-07-16T04:37:24.5011339Z ##[group]Initializing the repository
Build & Test	Checkout	2026-07-16T04:37:24.5019861Z [command]/usr/bin/git init /home/runner/work/Sortit/Sortit
Build & Test	Checkout	2026-07-16T04:37:24.5134976Z hint: Using 'master' as the name for the initial branch. This default branch name
Build & Test	Checkout	2026-07-16T04:37:24.5138503Z hint: will change to "main" in Git 3.0. To configure the initial branch name
Build & Test	Checkout	2026-07-16T04:37:24.5142184Z hint: to use in all of your new repositories, which will suppress this warning,
Build & Test	Checkout	2026-07-16T04:37:24.5186256Z hint: call:
Build & Test	Checkout	2026-07-16T04:37:24.5191024Z hint:
Build & Test	Checkout	2026-07-16T04:37:24.5192640Z hint: 	git config --global init.defaultBranch <name>
Build & Test	Checkout	2026-07-16T04:37:24.5202356Z hint:
Build & Test	Checkout	2026-07-16T04:37:24.5204605Z hint: Names commonly chosen instead of 'master' are 'main', 'trunk' and
Build & Test	Checkout	2026-07-16T04:37:24.5207759Z hint: 'development'. The just-created branch can be renamed via this command:
Build & Test	Checkout	2026-07-16T04:37:24.5210267Z hint:
Build & Test	Checkout	2026-07-16T04:37:24.5211587Z hint: 	git branch -m <name>
Build & Test	Checkout	2026-07-16T04:37:24.5230496Z hint:
Build & Test	Checkout	2026-07-16T04:37:24.5232668Z hint: Disable this message with "git config set advice.defaultBranchName false"
Build & Test	Checkout	2026-07-16T04:37:24.5236264Z Initialized empty Git repository in /home/runner/work/Sortit/Sortit/.git/
Build & Test	Checkout	2026-07-16T04:37:24.5241414Z [command]/usr/bin/git remote add origin https://github.com/Qiskdbwob/Sortit
Build & Test	Checkout	2026-07-16T04:37:24.5249256Z ##[endgroup]
Build & Test	Checkout	2026-07-16T04:37:24.5252119Z ##[group]Disabling automatic garbage collection
Build & Test	Checkout	2026-07-16T04:37:24.5255565Z [command]/usr/bin/git config --local gc.auto 0
Build & Test	Checkout	2026-07-16T04:37:24.5311756Z ##[endgroup]
Build & Test	Checkout	2026-07-16T04:37:24.5314566Z ##[group]Setting up auth
Build & Test	Checkout	2026-07-16T04:37:24.5317722Z [command]/usr/bin/git config --local --name-only --get-regexp core\.sshCommand
Build & Test	Checkout	2026-07-16T04:37:24.5361140Z [command]/usr/bin/git submodule foreach --recursive sh -c "git config --local --name-only --get-regexp 'core\.sshCommand' && git config --local --unset-all 'core.sshCommand' || :"
Build & Test	Checkout	2026-07-16T04:37:24.5848754Z [command]/usr/bin/git config --local --name-only --get-regexp http\.https\:\/\/github\.com\/\.extraheader
Build & Test	Checkout	2026-07-16T04:37:24.6010856Z [command]/usr/bin/git submodule foreach --recursive sh -c "git config --local --name-only --get-regexp 'http\.https\:\/\/github\.com\/\.extraheader' && git config --local --unset-all 'http.https://github.com/.extraheader' || :"
Build & Test	Checkout	2026-07-16T04:37:24.6253325Z [command]/usr/bin/git config --local --name-only --get-regexp ^includeIf\.gitdir:
Build & Test	Checkout	2026-07-16T04:37:24.6281261Z [command]/usr/bin/git submodule foreach --recursive git config --local --show-origin --name-only --get-regexp remote.origin.url
Build & Test	Checkout	2026-07-16T04:37:24.6536181Z [command]/usr/bin/git config --local http.https://github.com/.extraheader AUTHORIZATION: basic ***
Build & Test	Checkout	2026-07-16T04:37:24.6575174Z ##[endgroup]
Build & Test	Checkout	2026-07-16T04:37:24.6577889Z ##[group]Fetching the repository
Build & Test	Checkout	2026-07-16T04:37:24.6590017Z [command]/usr/bin/git -c protocol.version=2 fetch --no-tags --prune --no-recurse-submodules --depth=1 origin +a7499d9ea02fcffe467bae705480ddd24a50f6f5:refs/remotes/origin/master
Build & Test	Checkout	2026-07-16T04:37:24.8856981Z From https://github.com/Qiskdbwob/Sortit
Build & Test	Checkout	2026-07-16T04:37:24.8864766Z  * [new ref]         a7499d9ea02fcffe467bae705480ddd24a50f6f5 -> origin/master
Build & Test	Checkout	2026-07-16T04:37:24.9030063Z ##[endgroup]
Build & Test	Checkout	2026-07-16T04:37:24.9453535Z ##[group]Determining the checkout info
Build & Test	Checkout	2026-07-16T04:37:24.9455557Z ##[endgroup]
Build & Test	Checkout	2026-07-16T04:37:24.9457493Z [command]/usr/bin/git sparse-checkout disable
Build & Test	Checkout	2026-07-16T04:37:24.9476362Z [command]/usr/bin/git config --local --unset-all extensions.worktreeConfig
Build & Test	Checkout	2026-07-16T04:37:24.9481442Z ##[group]Checking out the ref
Build & Test	Checkout	2026-07-16T04:37:24.9483563Z [command]/usr/bin/git checkout --progress --force -B master refs/remotes/origin/master
Build & Test	Checkout	2026-07-16T04:37:24.9485415Z Reset branch 'master'
Build & Test	Checkout	2026-07-16T04:37:24.9486627Z branch 'master' set up to track 'origin/master'.
Build & Test	Checkout	2026-07-16T04:37:24.9490814Z ##[endgroup]
Build & Test	Checkout	2026-07-16T04:37:24.9498002Z [command]/usr/bin/git log -1 --format=%H
Build & Test	Checkout	2026-07-16T04:37:24.9498961Z a7499d9ea02fcffe467bae705480ddd24a50f6f5
Build & Test	Set up JDK 17	﻿2026-07-16T04:37:24.9835569Z Node 20 is being deprecated. This workflow is running with Node 24 by default. If you need to temporarily use Node 20, you can set the ACTIONS_ALLOW_USE_UNSECURE_NODE_VERSION=true environment variable. For more information see: https://github.blog/changelog/2025-09-19-deprecation-of-node-20-on-github-actions-runners/
Build & Test	Set up JDK 17	2026-07-16T04:37:24.9839781Z ##[group]Run actions/setup-java@v4
Build & Test	Set up JDK 17	2026-07-16T04:37:24.9840536Z with:
Build & Test	Set up JDK 17	2026-07-16T04:37:24.9841147Z   distribution: temurin
Build & Test	Set up JDK 17	2026-07-16T04:37:24.9841828Z   java-version: 17
Build & Test	Set up JDK 17	2026-07-16T04:37:24.9842486Z   java-package: jdk
Build & Test	Set up JDK 17	2026-07-16T04:37:24.9843428Z   check-latest: false
Build & Test	Set up JDK 17	2026-07-16T04:37:24.9844102Z   server-id: github
Build & Test	Set up JDK 17	2026-07-16T04:37:24.9844762Z   server-username: GITHUB_ACTOR
Build & Test	Set up JDK 17	2026-07-16T04:37:24.9845893Z   server-password: GITHUB_TOKEN
Build & Test	Set up JDK 17	2026-07-16T04:37:24.9846686Z   overwrite-settings: true
Build & Test	Set up JDK 17	2026-07-16T04:37:24.9847380Z   job-status: success
Build & Test	Set up JDK 17	2026-07-16T04:37:24.9853604Z   token: ***
Build & Test	Set up JDK 17	2026-07-16T04:37:24.9854299Z ##[endgroup]
Build & Test	Set up JDK 17	2026-07-16T04:37:25.1567015Z ##[group]Installed distributions
Build & Test	Set up JDK 17	2026-07-16T04:37:25.2387290Z Resolved Java 17.0.19+10 from tool-cache
Build & Test	Set up JDK 17	2026-07-16T04:37:25.2389990Z Setting Java 17.0.19+10 as the default
Build & Test	Set up JDK 17	2026-07-16T04:37:25.2395049Z (node:2062) [DEP0040] DeprecationWarning: The `punycode` module is deprecated. Please use a userland alternative instead.
Build & Test	Set up JDK 17	2026-07-16T04:37:25.2397141Z (Use `node --trace-deprecation ...` to show where the warning was created)
Build & Test	Set up JDK 17	2026-07-16T04:37:25.2400714Z Creating toolchains.xml for JDK version 17 from temurin
Build & Test	Set up JDK 17	2026-07-16T04:37:25.2659709Z Writing to /home/runner/.m2/toolchains.xml
Build & Test	Set up JDK 17	2026-07-16T04:37:25.2661136Z 
Build & Test	Set up JDK 17	2026-07-16T04:37:25.2661594Z Java configuration:
Build & Test	Set up JDK 17	2026-07-16T04:37:25.2662389Z   Distribution: temurin
Build & Test	Set up JDK 17	2026-07-16T04:37:25.2663461Z   Version: 17.0.19+10
Build & Test	Set up JDK 17	2026-07-16T04:37:25.2664444Z   Path: /opt/hostedtoolcache/Java_Temurin-Hotspot_jdk/17.0.19-10/x64
Build & Test	Set up JDK 17	2026-07-16T04:37:25.2665903Z 
Build & Test	Set up JDK 17	2026-07-16T04:37:25.2667057Z ##[endgroup]
Build & Test	Set up JDK 17	2026-07-16T04:37:25.2698027Z Creating settings.xml with server-id: github
Build & Test	Set up JDK 17	2026-07-16T04:37:25.2703172Z Writing to /home/runner/.m2/settings.xml
Build & Test	Setup Gradle	﻿2026-07-16T04:37:25.3043201Z Node 20 is being deprecated. This workflow is running with Node 24 by default. If you need to temporarily use Node 20, you can set the ACTIONS_ALLOW_USE_UNSECURE_NODE_VERSION=true environment variable. For more information see: https://github.blog/changelog/2025-09-19-deprecation-of-node-20-on-github-actions-runners/
Build & Test	Setup Gradle	2026-07-16T04:37:25.3045821Z ##[group]Run gradle/actions/setup-gradle@v4
Build & Test	Setup Gradle	2026-07-16T04:37:25.3046568Z with:
Build & Test	Setup Gradle	2026-07-16T04:37:25.3047264Z   cache-disabled: false
Build & Test	Setup Gradle	2026-07-16T04:37:25.3047964Z   cache-read-only: false
Build & Test	Setup Gradle	2026-07-16T04:37:25.3048675Z   cache-write-only: false
Build & Test	Setup Gradle	2026-07-16T04:37:25.3049430Z   cache-overwrite-existing: false
Build & Test	Setup Gradle	2026-07-16T04:37:25.3050144Z   cache-cleanup: on-success
Build & Test	Setup Gradle	2026-07-16T04:37:25.3050904Z   gradle-home-cache-includes: caches
Build & Test	Setup Gradle	notifications
Build & Test	Setup Gradle	
Build & Test	Setup Gradle	2026-07-16T04:37:25.3051698Z   add-job-summary: always
Build & Test	Setup Gradle	2026-07-16T04:37:25.3052348Z   add-job-summary-as-pr-comment: never
Build & Test	Setup Gradle	2026-07-16T04:37:25.3053328Z   dependency-graph: disabled
Build & Test	Setup Gradle	2026-07-16T04:37:25.3054094Z   dependency-graph-report-dir: dependency-graph-reports
Build & Test	Setup Gradle	2026-07-16T04:37:25.3055016Z   dependency-graph-continue-on-failure: true
Build & Test	Setup Gradle	2026-07-16T04:37:25.3055763Z   build-scan-publish: false
Build & Test	Setup Gradle	2026-07-16T04:37:25.3056395Z   validate-wrappers: true
Build & Test	Setup Gradle	2026-07-16T04:37:25.3057045Z   allow-snapshot-wrappers: false
Build & Test	Setup Gradle	2026-07-16T04:37:25.3057734Z   gradle-home-cache-strict-match: false
Build & Test	Setup Gradle	2026-07-16T04:37:25.3058444Z   workflow-job-context: null
Build & Test	Setup Gradle	2026-07-16T04:37:25.3064074Z   github-token: ***
Build & Test	Setup Gradle	2026-07-16T04:37:25.3064625Z env:
Build & Test	Setup Gradle	2026-07-16T04:37:25.3065356Z   JAVA_HOME: /opt/hostedtoolcache/Java_Temurin-Hotspot_jdk/17.0.19-10/x64
Build & Test	Setup Gradle	2026-07-16T04:37:25.3066467Z   JAVA_HOME_17_X64: /opt/hostedtoolcache/Java_Temurin-Hotspot_jdk/17.0.19-10/x64
Build & Test	Setup Gradle	2026-07-16T04:37:25.3067353Z ##[endgroup]
Build & Test	Setup Gradle	2026-07-16T04:37:27.1214092Z Merged default JDK locations into /home/runner/.m2/toolchains.xml
Build & Test	Setup Gradle	2026-07-16T04:37:27.1233753Z Preparing cache for cleanup.
Build & Test	Setup Gradle	2026-07-16T04:37:27.1235444Z ##[group]Restore Gradle state from cache
Build & Test	Setup Gradle	2026-07-16T04:37:27.1850374Z Cache hit for restore-key: gradle-home-v1|Linux-X64|build-and-test[b8a35c2f917259958c9abe8f2ff1b5ff]-9469cea50862e44e85c75d5cfe00e1ff390b3f0c
Build & Test	Setup Gradle	2026-07-16T04:37:27.3284543Z Received 632824 of 632824 (100.0%), 6.6 MBs/sec
Build & Test	Setup Gradle	2026-07-16T04:37:27.3293418Z Cache Size: ~1 MB (632824 B)
Build & Test	Setup Gradle	2026-07-16T04:37:27.3342584Z [command]/usr/bin/tar -xf /home/runner/work/_temp/d797ad06-d388-4181-8e03-8b3cd1e3abe4/cache.tzst -P -C /home/runner/work/Sortit/Sortit --use-compress-program unzstd
Build & Test	Setup Gradle	2026-07-16T04:37:27.4866386Z Cache restored successfully
Build & Test	Setup Gradle	2026-07-16T04:37:27.4885154Z Restored cache entry with key gradle-home-v1|Linux-X64|build-and-test[b8a35c2f917259958c9abe8f2ff1b5ff]-a7499d9ea02fcffe467bae705480ddd24a50f6f5 to /home/runner/.gradle/caches,/home/runner/.gradle/notifications,/home/runner/.gradle/.setup-gradle in 365ms
Build & Test	Setup Gradle	2026-07-16T04:37:27.5691067Z Cache hit for: gradle-wrapper-zips-v1-df6ecc383658ce44d9cbac4d1bfd12bf
Build & Test	Setup Gradle	2026-07-16T04:37:27.5721742Z Cache hit for: gradle-groovy-dsl-v1-d64978a2a5ed826191cf601cc5e1acda
Build & Test	Setup Gradle	2026-07-16T04:37:27.5734646Z Cache hit for: gradle-generated-gradle-jars-v1-26cfecc158c44513d188405a5d2d0d9c
Build & Test	Setup Gradle	2026-07-16T04:37:27.5777282Z Cache hit for: gradle-transforms-v1-0d266c2beb36f2398482a29583b5745d
Build & Test	Setup Gradle	2026-07-16T04:37:27.5798987Z Cache hit for: gradle-instrumented-jars-v1-5097687f5e544e990b63b4f224dc7144
Build & Test	Setup Gradle	2026-07-16T04:37:27.5881631Z Cache hit for: gradle-dependencies-v1-f4bf2ba67edf1eba851f3e14df708cb2
Build & Test	Setup Gradle	2026-07-16T04:37:27.5887261Z Cache hit for: gradle-kotlin-dsl-v1-0a98c54f007acd6b1474123a0b5c2ef3
Build & Test	Setup Gradle	2026-07-16T04:37:27.8688972Z Received 111541 of 111541 (100.0%), 0.5 MBs/sec
Build & Test	Setup Gradle	2026-07-16T04:37:27.8690444Z Cache Size: ~0 MB (111541 B)
Build & Test	Setup Gradle	2026-07-16T04:37:27.8759502Z Received 72256 of 72256 (100.0%), 0.3 MBs/sec
Build & Test	Setup Gradle	2026-07-16T04:37:27.8760514Z Cache Size: ~0 MB (72256 B)
Build & Test	Setup Gradle	2026-07-16T04:37:27.8834150Z Received 115978 of 115978 (100.0%), 0.5 MBs/sec
Build & Test	Setup Gradle	2026-07-16T04:37:27.8836570Z Cache Size: ~0 MB (115978 B)
Build & Test	Setup Gradle	2026-07-16T04:37:28.0964029Z [command]/usr/bin/tar -xf /home/runner/work/_temp/792c8801-ed65-4ade-9851-10c0ce1b7d70/cache.tzst -P -C /home/runner/work/Sortit/Sortit --use-compress-program unzstd
Build & Test	Setup Gradle	2026-07-16T04:37:28.1074852Z [command]/usr/bin/tar -xf /home/runner/work/_temp/d4f84d60-a005-4205-b3c7-61e17d77e6d5/cache.tzst -P -C /home/runner/work/Sortit/Sortit --use-compress-program unzstd
Build & Test	Setup Gradle	2026-07-16T04:37:28.1077164Z [command]/usr/bin/tar -xf /home/runner/work/_temp/0d6a1f79-efc7-4124-a309-7d1827081ea9/cache.tzst -P -C /home/runner/work/Sortit/Sortit --use-compress-program unzstd
Build & Test	Setup Gradle	2026-07-16T04:37:28.1644051Z Cache restored successfully
Build & Test	Setup Gradle	2026-07-16T04:37:28.1663952Z Cache restored successfully
Build & Test	Setup Gradle	2026-07-16T04:37:28.2468577Z Restored cache entry with key gradle-groovy-dsl-v1-d64978a2a5ed826191cf601cc5e1acda to /home/runner/.gradle/caches/*/groovy-dsl/*/ in 743ms
Build & Test	Setup Gradle	2026-07-16T04:37:28.2471230Z Restored cache entry with key gradle-instrumented-jars-v1-5097687f5e544e990b63b4f224dc7144 to /home/runner/.gradle/caches/jars-*/*/ in 744ms
Build & Test	Setup Gradle	2026-07-16T04:37:28.2491533Z Cache restored successfully
Build & Test	Setup Gradle	2026-07-16T04:37:28.2624961Z Restored cache entry with key gradle-kotlin-dsl-v1-0a98c54f007acd6b1474123a0b5c2ef3 to /home/runner/.gradle/caches/*/kotlin-dsl/accessors/*/,/home/runner/.gradle/caches/*/kotlin-dsl/scripts/*/ in 773ms
Build & Test	Setup Gradle	2026-07-16T04:37:28.4479958Z Received 39619900 of 39619900 (100.0%), 44.0 MBs/sec
Build & Test	Setup Gradle	2026-07-16T04:37:28.4481419Z Cache Size: ~38 MB (39619900 B)
Build & Test	Setup Gradle	2026-07-16T04:37:28.6487159Z [command]/usr/bin/tar -xf /home/runner/work/_temp/f799679c-3eca-4c22-b8b3-52a015f1ec26/cache.tzst -P -C /home/runner/work/Sortit/Sortit --use-compress-program unzstd
Build & Test	Setup Gradle	2026-07-16T04:37:28.6827869Z Received 37748736 of 135426545 (27.9%), 35.6 MBs/sec
Build & Test	Setup Gradle	2026-07-16T04:37:28.7178317Z Received 37748736 of 190194470 (19.8%), 35.4 MBs/sec
Build & Test	Setup Gradle	2026-07-16T04:37:28.7908772Z Received 33554432 of 272052778 (12.3%), 31.2 MBs/sec
Build & Test	Setup Gradle	2026-07-16T04:37:29.4695872Z Cache restored successfully
Build & Test	Setup Gradle	2026-07-16T04:37:29.5216931Z Restored cache entry with key gradle-generated-gradle-jars-v1-26cfecc158c44513d188405a5d2d0d9c to /home/runner/.gradle/caches/8.9/generated-gradle-jars/gradle-api-8.9.jar in 2029ms
Build & Test	Setup Gradle	2026-07-16T04:37:29.6744292Z Received 104857600 of 135426545 (77.4%), 49.7 MBs/sec
Build & Test	Setup Gradle	2026-07-16T04:37:29.7293831Z Received 113246208 of 190194470 (59.5%), 53.0 MBs/sec
Build & Test	Setup Gradle	2026-07-16T04:37:29.7683934Z Received 113246208 of 272052778 (41.6%), 53.3 MBs/sec
Build & Test	Setup Gradle	2026-07-16T04:37:29.9494967Z Received 135426545 of 135426545 (100.0%), 56.4 MBs/sec
Build & Test	Setup Gradle	2026-07-16T04:37:29.9528786Z Cache Size: ~129 MB (135426545 B)
Build & Test	Setup Gradle	2026-07-16T04:37:30.0847934Z [command]/usr/bin/tar -xf /home/runner/work/_temp/16df5440-e186-4296-9c5d-80938d474a5a/cache.tzst -P -C /home/runner/work/Sortit/Sortit --use-compress-program unzstd
Build & Test	Setup Gradle	2026-07-16T04:37:30.1781550Z Received 190194470 of 190194470 (100.0%), 73.0 MBs/sec
Build & Test	Setup Gradle	2026-07-16T04:37:30.1783982Z Cache Size: ~181 MB (190194470 B)
Build & Test	Setup Gradle	2026-07-16T04:37:30.1843308Z [command]/usr/bin/tar -xf /home/runner/work/_temp/0d658213-a797-4eff-8574-ededee4c6ea0/cache.tzst -P -C /home/runner/work/Sortit/Sortit --use-compress-program unzstd
Build & Test	Setup Gradle	2026-07-16T04:37:30.7906280Z Received 167772160 of 272052778 (61.7%), 52.5 MBs/sec
Build & Test	Setup Gradle	2026-07-16T04:37:30.8084751Z Cache restored successfully
Build & Test	Setup Gradle	2026-07-16T04:37:30.9580051Z Restored cache entry with key gradle-wrapper-zips-v1-df6ecc383658ce44d9cbac4d1bfd12bf to /home/runner/.gradle/wrapper/dists/gradle-8.9-bin/90cnw93cvbtalezasaz0blq0a in 3468ms
Build & Test	Setup Gradle	2026-07-16T04:37:31.4608485Z Received 272052778 of 272052778 (100.0%), 69.7 MBs/sec
Build & Test	Setup Gradle	2026-07-16T04:37:31.4622458Z Cache Size: ~259 MB (272052778 B)
Build & Test	Setup Gradle	2026-07-16T04:37:31.4666772Z [command]/usr/bin/tar -xf /home/runner/work/_temp/4c20de26-f58e-4722-827e-737055e231da/cache.tzst -P -C /home/runner/work/Sortit/Sortit --use-compress-program unzstd
Build & Test	Setup Gradle	2026-07-16T04:37:33.3831054Z Cache restored successfully
Build & Test	Setup Gradle	2026-07-16T04:37:33.4026481Z Restored cache entry with key gradle-dependencies-v1-f4bf2ba67edf1eba851f3e14df708cb2 to /home/runner/.gradle/caches/modules-*/files-*/*/*/*/* in 5914ms
Build & Test	Setup Gradle	2026-07-16T04:37:34.4434615Z Cache restored successfully
Build & Test	Setup Gradle	2026-07-16T04:37:34.6953698Z Restored cache entry with key gradle-transforms-v1-0d266c2beb36f2398482a29583b5745d to /home/runner/.gradle/caches/transforms-4/*/,/home/runner/.gradle/caches/*/transforms/*/ in 7206ms
Build & Test	Setup Gradle	2026-07-16T04:37:34.9540247Z ##[endgroup]
Build & Test	Setup Gradle	2026-07-16T04:37:34.9686903Z ##[group]All Gradle Wrapper jars are valid
Build & Test	Setup Gradle	2026-07-16T04:37:34.9688401Z ✓ Found known Gradle Wrapper JAR files:
Build & Test	Setup Gradle	2026-07-16T04:37:34.9689366Z   498495120a03b9a6ab5d155f5de3c8f0d986a449153702fb80fc80e134484f17 gradle/wrapper/gradle-wrapper.jar
Build & Test	Setup Gradle	2026-07-16T04:37:34.9690564Z ##[endgroup]
Build & Test	Grant execute permission	﻿2026-07-16T04:37:35.0150645Z ##[group]Run chmod +x ./gradlew
Build & Test	Grant execute permission	2026-07-16T04:37:35.0151055Z ^[[36;1mchmod +x ./gradlew^[[0m
Build & Test	Grant execute permission	2026-07-16T04:37:35.4392448Z shell: /usr/bin/bash -e {0}
Build & Test	Grant execute permission	2026-07-16T04:37:35.4393252Z env:
Build & Test	Grant execute permission	2026-07-16T04:37:35.4393857Z   JAVA_HOME: /opt/hostedtoolcache/Java_Temurin-Hotspot_jdk/17.0.19-10/x64
Build & Test	Grant execute permission	2026-07-16T04:37:35.4394934Z   JAVA_HOME_17_X64: /opt/hostedtoolcache/Java_Temurin-Hotspot_jdk/17.0.19-10/x64
Build & Test	Grant execute permission	2026-07-16T04:37:35.4395811Z   GRADLE_ACTION_ID: gradle/actions/setup-gradle
Build & Test	Grant execute permission	2026-07-16T04:37:35.4396436Z   GRADLE_USER_HOME: /home/runner/.gradle
Build & Test	Grant execute permission	2026-07-16T04:37:35.4396796Z   GRADLE_BUILD_ACTION_SETUP_COMPLETED: true
Build & Test	Grant execute permission	2026-07-16T04:37:35.4397156Z   GRADLE_BUILD_ACTION_CACHE_RESTORED: true
Build & Test	Grant execute permission	2026-07-16T04:37:35.4398795Z   DEVELOCITY_INJECTION_INIT_SCRIPT_NAME: gradle-actions.inject-develocity.init.gradle
Build & Test	Grant execute permission	2026-07-16T04:37:35.4399355Z   DEVELOCITY_INJECTION_CUSTOM_VALUE: gradle-actions
Build & Test	Grant execute permission	2026-07-16T04:37:35.4399723Z   GITHUB_DEPENDENCY_GRAPH_ENABLED: false
Build & Test	Grant execute permission	2026-07-16T04:37:35.4400929Z ##[endgroup]
Build & Test	Unit tests	﻿2026-07-16T04:37:35.4581587Z ##[group]Run ./gradlew testDebugUnitTest --no-daemon
Build & Test	Unit tests	2026-07-16T04:37:35.4582050Z ^[[36;1m./gradlew testDebugUnitTest --no-daemon^[[0m
Build & Test	Unit tests	2026-07-16T04:37:35.4611943Z shell: /usr/bin/bash -e {0}
Build & Test	Unit tests	2026-07-16T04:37:35.4612233Z env:
Build & Test	Unit tests	2026-07-16T04:37:35.4612584Z   JAVA_HOME: /opt/hostedtoolcache/Java_Temurin-Hotspot_jdk/17.0.19-10/x64
Build & Test	Unit tests	2026-07-16T04:37:35.4613437Z   JAVA_HOME_17_X64: /opt/hostedtoolcache/Java_Temurin-Hotspot_jdk/17.0.19-10/x64
Build & Test	Unit tests	2026-07-16T04:37:35.4614101Z   GRADLE_ACTION_ID: gradle/actions/setup-gradle
Build & Test	Unit tests	2026-07-16T04:37:35.4614454Z   GRADLE_USER_HOME: /home/runner/.gradle
Build & Test	Unit tests	2026-07-16T04:37:35.4614784Z   GRADLE_BUILD_ACTION_SETUP_COMPLETED: true
Build & Test	Unit tests	2026-07-16T04:37:35.4615132Z   GRADLE_BUILD_ACTION_CACHE_RESTORED: true
Build & Test	Unit tests	2026-07-16T04:37:35.4615614Z   DEVELOCITY_INJECTION_INIT_SCRIPT_NAME: gradle-actions.inject-develocity.init.gradle
Build & Test	Unit tests	2026-07-16T04:37:35.4616142Z   DEVELOCITY_INJECTION_CUSTOM_VALUE: gradle-actions
Build & Test	Unit tests	2026-07-16T04:37:35.4616504Z   GITHUB_DEPENDENCY_GRAPH_ENABLED: false
Build & Test	Unit tests	2026-07-16T04:37:35.4616821Z ##[endgroup]
Build & Test	Unit tests	2026-07-16T04:37:38.5615393Z To honour the JVM settings for this build a single-use Daemon process will be forked. For more on this, please refer to https://docs.gradle.org/8.9/userguide/gradle_daemon.html#sec:disabling_the_daemon in the Gradle documentation.
Build & Test	Unit tests	2026-07-16T04:37:40.4604338Z Daemon will be stopped at the end of the build 
Build & Test	Unit tests	2026-07-16T04:37:54.1675561Z > Task :app:checkKotlinGradlePluginConfigurationErrors
Build & Test	Unit tests	2026-07-16T04:37:54.1713742Z > Task :app:preBuild UP-TO-DATE
Build & Test	Unit tests	2026-07-16T04:37:54.1733554Z > Task :app:preDebugBuild UP-TO-DATE
Build & Test	Unit tests	2026-07-16T04:37:54.9634264Z > Task :app:generateDebugResValues
Build & Test	Unit tests	2026-07-16T04:37:55.0644734Z > Task :app:checkDebugAarMetadata
Build & Test	Unit tests	2026-07-16T04:37:55.1600107Z > Task :app:mapDebugSourceSetPaths
Build & Test	Unit tests	2026-07-16T04:37:55.1606423Z > Task :app:generateDebugResources
Build & Test	Unit tests	2026-07-16T04:37:56.6600766Z > Task :app:packageDebugResources
Build & Test	Unit tests	2026-07-16T04:37:57.8021212Z > Task :app:parseDebugLocalResources
Build & Test	Unit tests	2026-07-16T04:37:57.8036758Z > Task :app:createDebugCompatibleScreenManifests
Build & Test	Unit tests	2026-07-16T04:37:57.8429184Z > Task :app:extractDeepLinksDebug
Build & Test	Unit tests	2026-07-16T04:37:58.0795317Z > Task :app:mergeDebugResources
Build & Test	Unit tests	2026-07-16T04:37:58.2814897Z > Task :app:processDebugMainManifest
Build & Test	Unit tests	2026-07-16T04:37:58.5957473Z > Task :app:processDebugManifest
Build & Test	Unit tests	2026-07-16T04:37:58.6794991Z > Task :app:processDebugManifestForPackage
Build & Test	Unit tests	2026-07-16T04:37:58.6813572Z > Task :app:javaPreCompileDebug
Build & Test	Unit tests	2026-07-16T04:37:58.8898213Z > Task :app:preDebugUnitTestBuild UP-TO-DATE
Build & Test	Unit tests	2026-07-16T04:37:58.9634273Z > Task :app:javaPreCompileDebugUnitTest
Build & Test	Unit tests	2026-07-16T04:37:59.2600654Z > Task :app:processDebugResources
Build & Test	Unit tests	2026-07-16T04:38:07.7610288Z > Task :app:kspDebugKotlin
Build & Test	Unit tests	2026-07-16T04:38:23.7607097Z 
Build & Test	Unit tests	2026-07-16T04:38:23.7653960Z > Task :app:compileDebugKotlin
Build & Test	Unit tests	2026-07-16T04:38:23.7694053Z w: file:///home/runner/work/Sortit/Sortit/app/src/main/java/com/sortit/MainActivity.kt:32:13 Variable 'logRepo' is never used
Build & Test	Unit tests	2026-07-16T04:38:23.7714209Z w: file:///home/runner/work/Sortit/Sortit/app/src/main/java/com/sortit/ui/SortRunViewModel.kt:41:13 Variable 'last' is assigned but never accessed
Build & Test	Unit tests	2026-07-16T04:38:23.7754833Z w: file:///home/runner/work/Sortit/Sortit/app/src/main/java/com/sortit/ui/SortirScreen.kt:45:17 'LinearProgressIndicator(Float, Modifier = ..., Color = ..., Color = ..., StrokeCap = ...): Unit' is deprecated. Use the overload that takes `progress` as a lambda
Build & Test	Unit tests	2026-07-16T04:38:41.2600025Z 
Build & Test	Unit tests	2026-07-16T04:38:41.2644101Z > Task :app:compileDebugJavaWithJavac
Build & Test	Unit tests	2026-07-16T04:38:41.3603948Z > Task :app:bundleDebugClassesToCompileJar
Build & Test	Unit tests	2026-07-16T04:38:41.3620488Z > Task :app:bundleDebugClassesToRuntimeJar
Build & Test	Unit tests	2026-07-16T04:38:45.9603863Z > Task :app:processDebugJavaRes
Build & Test	Unit tests	2026-07-16T04:38:46.8599951Z > Task :app:kspDebugUnitTestKotlin
Build & Test	Unit tests	2026-07-16T04:38:48.8600001Z > Task :app:compileDebugUnitTestKotlin
Build & Test	Unit tests	2026-07-16T04:38:48.8623786Z > Task :app:compileDebugUnitTestJavaWithJavac NO-SOURCE
Build & Test	Unit tests	2026-07-16T04:38:48.8634790Z > Task :app:processDebugUnitTestJavaRes
Build & Test	Unit tests	2026-07-16T04:38:56.6603926Z 
Build & Test	Unit tests	2026-07-16T04:38:56.6604850Z > Task :app:testDebugUnitTest
Build & Test	Unit tests	2026-07-16T04:38:56.6628259Z 
Build & Test	Unit tests	2026-07-16T04:38:56.7614243Z ScanSortUseCaseTest > mode ALL skips system paths FAILED
Build & Test	Unit tests	2026-07-16T04:38:56.7643829Z     java.lang.AssertionError at ScanSortUseCaseTest.kt:55
Build & Test	Unit tests	2026-07-16T04:38:56.7663371Z 
Build & Test	Unit tests	2026-07-16T04:38:56.7683715Z ScanSortUseCaseTest > mode FOLDERS only scans given dirs FAILED
Build & Test	Unit tests	2026-07-16T04:38:56.7703655Z     java.lang.AssertionError at ScanSortUseCaseTest.kt:33
Build & Test	Unit tests	2026-07-16T04:38:56.7723396Z 
Build & Test	Unit tests	2026-07-16T04:38:56.7733840Z ScanSortUseCaseTest > excludes patterns are skipped FAILED
Build & Test	Unit tests	2026-07-16T04:38:56.7743702Z     java.lang.AssertionError at ScanSortUseCaseTest.kt:44
Build & Test	Unit tests	2026-07-16T04:38:56.9617981Z 
Build & Test	Unit tests	2026-07-16T04:38:56.9618049Z 
Build & Test	Unit tests	2026-07-16T04:38:56.9618605Z > Task :app:testDebugUnitTest FAILED
Build & Test	Unit tests	2026-07-16T04:38:56.9633714Z 12 tests completed, 3 failed
Build & Test	Unit tests	2026-07-16T04:38:57.0623549Z 
Build & Test	Unit tests	2026-07-16T04:38:57.0624649Z gradle/actions: Writing build results to /home/runner/work/_temp/.gradle-actions/build-results/__run_2-1784176664252.json
Build & Test	Unit tests	2026-07-16T04:38:57.0665365Z FAILURE: Build failed with an exception.
Build & Test	Unit tests	2026-07-16T04:38:57.0666019Z 26 actionable tasks: 26 executed
Build & Test	Unit tests	2026-07-16T04:38:57.0694937Z 
Build & Test	Unit tests	2026-07-16T04:38:57.0715404Z * What went wrong:
Build & Test	Unit tests	2026-07-16T04:38:57.0727065Z Execution failed for task ':app:testDebugUnitTest'.
Build & Test	Unit tests	2026-07-16T04:38:57.0763427Z > There were failing tests. See the report at: file:///home/runner/work/Sortit/Sortit/app/build/reports/tests/testDebugUnitTest/index.html
Build & Test	Unit tests	2026-07-16T04:38:57.0799140Z 
Build & Test	Unit tests	2026-07-16T04:38:57.0823499Z * Try:
Build & Test	Unit tests	2026-07-16T04:38:57.0829790Z > Run with --scan to get full insights.
Build & Test	Unit tests	2026-07-16T04:38:57.0850112Z 
Build & Test	Unit tests	2026-07-16T04:38:57.0879788Z BUILD FAILED in 1m 21s
Build & Test	Unit tests	2026-07-16T04:38:57.5236972Z ##[error]Process completed with exit code 1.
Build & Test	Upload test results	﻿2026-07-16T04:38:57.5325441Z Node 20 is being deprecated. This workflow is running with Node 24 by default. If you need to temporarily use Node 20, you can set the ACTIONS_ALLOW_USE_UNSECURE_NODE_VERSION=true environment variable. For more information see: https://github.blog/changelog/2025-09-19-deprecation-of-node-20-on-github-actions-runners/
Build & Test	Upload test results	2026-07-16T04:38:57.5326766Z ##[group]Run actions/upload-artifact@v4
Build & Test	Upload test results	2026-07-16T04:38:57.5327076Z with:
Build & Test	Upload test results	2026-07-16T04:38:57.5327301Z   name: test-results
Build & Test	Upload test results	2026-07-16T04:38:57.5327603Z   path: app/build/test-results/testDebugUnitTest/
Build & Test	Upload test results	2026-07-16T04:38:57.5327950Z   if-no-files-found: warn
Build & Test	Upload test results	2026-07-16T04:38:57.5328224Z   compression-level: 6
Build & Test	Upload test results	2026-07-16T04:38:57.5328484Z   overwrite: false
Build & Test	Upload test results	2026-07-16T04:38:57.5328735Z   include-hidden-files: false
Build & Test	Upload test results	2026-07-16T04:38:57.5329019Z env:
Build & Test	Upload test results	2026-07-16T04:38:57.5329352Z   JAVA_HOME: /opt/hostedtoolcache/Java_Temurin-Hotspot_jdk/17.0.19-10/x64
Build & Test	Upload test results	2026-07-16T04:38:57.5329887Z   JAVA_HOME_17_X64: /opt/hostedtoolcache/Java_Temurin-Hotspot_jdk/17.0.19-10/x64
Build & Test	Upload test results	2026-07-16T04:38:57.5330381Z   GRADLE_ACTION_ID: gradle/actions/setup-gradle
Build & Test	Upload test results	2026-07-16T04:38:57.5330728Z   GRADLE_USER_HOME: /home/runner/.gradle
Build & Test	Upload test results	2026-07-16T04:38:57.5331055Z   GRADLE_BUILD_ACTION_SETUP_COMPLETED: true
Build & Test	Upload test results	2026-07-16T04:38:57.5331384Z   GRADLE_BUILD_ACTION_CACHE_RESTORED: true
Build & Test	Upload test results	2026-07-16T04:38:57.5331859Z   DEVELOCITY_INJECTION_INIT_SCRIPT_NAME: gradle-actions.inject-develocity.init.gradle
Build & Test	Upload test results	2026-07-16T04:38:57.5332383Z   DEVELOCITY_INJECTION_CUSTOM_VALUE: gradle-actions
Build & Test	Upload test results	2026-07-16T04:38:57.5332735Z   GITHUB_DEPENDENCY_GRAPH_ENABLED: false
Build & Test	Upload test results	2026-07-16T04:38:57.5333204Z ##[endgroup]
Build & Test	Upload test results	2026-07-16T04:38:57.7317452Z (node:2464) [DEP0040] DeprecationWarning: The `punycode` module is deprecated. Please use a userland alternative instead.
Build & Test	Upload test results	2026-07-16T04:38:57.7319158Z (Use `node --trace-deprecation ...` to show where the warning was created)
Build & Test	Upload test results	2026-07-16T04:38:57.7466433Z With the provided path, there will be 7 files uploaded
Build & Test	Upload test results	2026-07-16T04:38:57.7468627Z Artifact name is valid!
Build & Test	Upload test results	2026-07-16T04:38:57.7469794Z Root directory input is valid!
Build & Test	Upload test results	2026-07-16T04:38:57.9415121Z Beginning upload of artifact content to blob storage
Build & Test	Upload test results	2026-07-16T04:38:57.9677186Z (node:2464) [DEP0169] DeprecationWarning: `url.parse()` behavior is not standardized and prone to errors that have security implications. Use the WHATWG URL API instead. CVEs are not issued for `url.parse()` vulnerabilities.
Build & Test	Upload test results	2026-07-16T04:38:58.0104651Z Uploaded bytes 5146
Build & Test	Upload test results	2026-07-16T04:38:58.0229426Z Finished uploading artifact content to blob storage!
Build & Test	Upload test results	2026-07-16T04:38:58.0231051Z SHA256 digest of uploaded artifact zip is cd3cfac8e0604cc0cd3f18b488b5a26399876ce31f1310574491c031bbbe3a8d
Build & Test	Upload test results	2026-07-16T04:38:58.0232783Z Finalizing artifact upload
Build & Test	Upload test results	2026-07-16T04:38:58.1900883Z Artifact test-results.zip successfully finalized. Artifact ID 8365061093
Build & Test	Upload test results	2026-07-16T04:38:58.1903891Z Artifact test-results has been successfully uploaded! Final size is 5146 bytes. Artifact ID is 8365061093
Build & Test	Upload test results	2026-07-16T04:38:58.1906301Z Artifact download URL: https://github.com/Qiskdbwob/Sortit/actions/runs/29471812915/artifacts/8365061093
Build & Test	Post Setup Gradle	﻿2026-07-16T04:38:58.2162095Z Node 20 is being deprecated. This workflow is running with Node 24 by default. If you need to temporarily use Node 20, you can set the ACTIONS_ALLOW_USE_UNSECURE_NODE_VERSION=true environment variable. For more information see: https://github.blog/changelog/2025-09-19-deprecation-of-node-20-on-github-actions-runners/
Build & Test	Post Setup Gradle	2026-07-16T04:38:58.2163613Z Post job cleanup.
Build & Test	Post Setup Gradle	2026-07-16T04:38:58.5032533Z In post-action step
Build & Test	Post Setup Gradle	2026-07-16T04:38:58.5035074Z ##[group]Stopping Gradle daemons
Build & Test	Post Setup Gradle	2026-07-16T04:38:58.5036436Z Stopping Gradle daemons for /home/runner/.gradle/wrapper/dists/gradle-8.9-bin/90cnw93cvbtalezasaz0blq0a/gradle-8.9
Build & Test	Post Setup Gradle	2026-07-16T04:38:58.5039707Z [command]/home/runner/.gradle/wrapper/dists/gradle-8.9-bin/90cnw93cvbtalezasaz0blq0a/gradle-8.9/bin/gradle --stop
Build & Test	Post Setup Gradle	2026-07-16T04:38:59.5023713Z No Gradle daemons are running.
Build & Test	Post Setup Gradle	2026-07-16T04:38:59.5211274Z ##[endgroup]
Build & Test	Post Setup Gradle	2026-07-16T04:38:59.5215780Z Not performing cache-cleanup due to build failure
Build & Test	Post Setup Gradle	2026-07-16T04:38:59.5217077Z ##[group]Caching Gradle state
Build & Test	Post Setup Gradle	2026-07-16T04:39:00.6156219Z [command]/usr/bin/tar --posix -cf cache.tzst --exclude cache.tzst -P -C /home/runner/work/Sortit/Sortit --files-from manifest.txt --use-compress-program zstdmt
Build & Test	Post Setup Gradle	2026-07-16T04:39:01.5055134Z [command]/usr/bin/tar --posix -cf cache.tzst --exclude cache.tzst -P -C /home/runner/work/Sortit/Sortit --files-from manifest.txt --use-compress-program zstdmt
Build & Test	Post Setup Gradle	2026-07-16T04:39:03.5484208Z Sent 11677182 of 280112638 (4.2%), 11.1 MBs/sec
Build & Test	Post Setup Gradle	2026-07-16T04:39:04.3845571Z Sent 280112638 of 280112638 (100.0%), 145.6 MBs/sec
Build & Test	Post Setup Gradle	2026-07-16T04:39:04.5187029Z Saved cache entry with key gradle-dependencies-v1-165f9c6ddb093e4cb59c37d2cd2a48b7 from /home/runner/.gradle/caches/modules-*/files-*/*/*/*/* in 4503ms
Build & Test	Post Setup Gradle	2026-07-16T04:39:06.8910115Z Sent 82853183 of 217070911 (38.2%), 78.9 MBs/sec
Build & Test	Post Setup Gradle	2026-07-16T04:39:07.0352514Z Sent 217070911 of 217070911 (100.0%), 180.6 MBs/sec
Build & Test	Post Setup Gradle	2026-07-16T04:39:07.1344886Z Saved cache entry with key gradle-transforms-v1-25fa8d9b8bbe3500511eb3fcc98edfb5 from /home/runner/.gradle/caches/transforms-4/*/,/home/runner/.gradle/caches/*/transforms/*/ in 6479ms
Build & Test	Post Setup Gradle	2026-07-16T04:39:07.6067852Z [command]/usr/bin/tar --posix -cf cache.tzst --exclude cache.tzst -P -C /home/runner/work/Sortit/Sortit --files-from manifest.txt --use-compress-program zstdmt
Build & Test	Post Setup Gradle	2026-07-16T04:39:07.9584076Z Sent 3669890 of 3669890 (100.0%), 20.8 MBs/sec
Build & Test	Post Setup Gradle	2026-07-16T04:39:08.0136227Z Saved cache entry with key gradle-home-v1|Linux-X64|build-and-test[b8a35c2f917259958c9abe8f2ff1b5ff]-a7499d9ea02fcffe467bae705480ddd24a50f6f5 from /home/runner/.gradle/caches,/home/runner/.gradle/notifications,/home/runner/.gradle/.setup-gradle in 423ms
Build & Test	Post Setup Gradle	2026-07-16T04:39:08.0139750Z ##[endgroup]
Build & Test	Post Setup Gradle	2026-07-16T04:39:08.0144262Z Generating Job Summary
Build & Test	Post Setup Gradle	2026-07-16T04:39:08.0160169Z Completed post-action step
Build & Test	Post Set up JDK 17	﻿2026-07-16T04:39:08.0370685Z Node 20 is being deprecated. This workflow is running with Node 24 by default. If you need to temporarily use Node 20, you can set the ACTIONS_ALLOW_USE_UNSECURE_NODE_VERSION=true environment variable. For more information see: https://github.blog/changelog/2025-09-19-deprecation-of-node-20-on-github-actions-runners/
Build & Test	Post Set up JDK 17	2026-07-16T04:39:08.0372018Z Post job cleanup.
Build & Test	Post Set up JDK 17	2026-07-16T04:39:08.1754451Z (node:2613) [DEP0040] DeprecationWarning: The `punycode` module is deprecated. Please use a userland alternative instead.
Build & Test	Post Set up JDK 17	2026-07-16T04:39:08.1756183Z (Use `node --trace-deprecation ...` to show where the warning was created)
Build & Test	Post Checkout	﻿2026-07-16T04:39:08.2019228Z Node 20 is being deprecated. This workflow is running with Node 24 by default. If you need to temporarily use Node 20, you can set the ACTIONS_ALLOW_USE_UNSECURE_NODE_VERSION=true environment variable. For more information see: https://github.blog/changelog/2025-09-19-deprecation-of-node-20-on-github-actions-runners/
Build & Test	Post Checkout	2026-07-16T04:39:08.2021697Z Post job cleanup.
Build & Test	Post Checkout	2026-07-16T04:39:08.3354582Z [command]/usr/bin/git version
Build & Test	Post Checkout	2026-07-16T04:39:08.3443866Z git version 2.54.0
Build & Test	Post Checkout	2026-07-16T04:39:08.3521219Z Temporarily overriding HOME='/home/runner/work/_temp/2b870f5e-29a8-4785-9eb2-75963f6861e8' before making global git config changes
Build & Test	Post Checkout	2026-07-16T04:39:08.3523263Z Adding repository directory to the temporary git global config as a safe directory
Build & Test	Post Checkout	2026-07-16T04:39:08.3524639Z [command]/usr/bin/git config --global --add safe.directory /home/runner/work/Sortit/Sortit
Build & Test	Post Checkout	2026-07-16T04:39:08.3586874Z [command]/usr/bin/git config --local --name-only --get-regexp core\.sshCommand
Build & Test	Post Checkout	2026-07-16T04:39:08.3615984Z [command]/usr/bin/git submodule foreach --recursive sh -c "git config --local --name-only --get-regexp 'core\.sshCommand' && git config --local --unset-all 'core.sshCommand' || :"
Build & Test	Post Checkout	2026-07-16T04:39:08.3979949Z [command]/usr/bin/git config --local --name-only --get-regexp http\.https\:\/\/github\.com\/\.extraheader
Build & Test	Post Checkout	2026-07-16T04:39:08.4027487Z http.https://github.com/.extraheader
Build & Test	Post Checkout	2026-07-16T04:39:08.4078321Z [command]/usr/bin/git config --local --unset-all http.https://github.com/.extraheader
Build & Test	Post Checkout	2026-07-16T04:39:08.4106071Z [command]/usr/bin/git submodule foreach --recursive sh -c "git config --local --name-only --get-regexp 'http\.https\:\/\/github\.com\/\.extraheader' && git config --local --unset-all 'http.https://github.com/.extraheader' || :"
Build & Test	Post Checkout	2026-07-16T04:39:08.4476380Z [command]/usr/bin/git config --local --name-only --get-regexp ^includeIf\.gitdir:
Build & Test	Post Checkout	2026-07-16T04:39:08.4539268Z [command]/usr/bin/git submodule foreach --recursive git config --local --show-origin --name-only --get-regexp remote.origin.url
Build & Test	Complete job	﻿2026-07-16T04:39:08.5054058Z Cleaning up orphan processes
Build & Test	Complete job	2026-07-16T04:39:08.5377557Z ##[warning]Node.js 20 is deprecated. The following actions target Node.js 20 but are being forced to run on Node.js 24: actions/checkout@v4, actions/setup-java@v4, actions/upload-artifact@v4, gradle/actions/setup-gradle@v4. For more information see: https://github.blog/changelog/2025-09-19-deprecation-of-node-20-on-github-actions-runners/
